\BOOKMARK [0][-]{Doc-Start}{\376\377\000A\000C\000K\000N\000O\000W\000L\000E\000D\000G\000E\000M\000E\000N\000T\000S}{}% 1
\BOOKMARK [0][-]{Doc-Start}{\376\377\000A\000B\000S\000T\000R\000A\000C\000T}{}% 2
\BOOKMARK [0][-]{Doc-Start}{\376\377\000L\000I\000S\000T\000\040\000O\000F\000\040\000T\000A\000B\000L\000E\000S}{}% 3
\BOOKMARK [0][-]{Doc-Start}{\376\377\000L\000I\000S\000T\000\040\000O\000F\000\040\000F\000I\000G\000U\000R\000E\000S}{}% 4
\BOOKMARK [0][-]{Doc-Start}{\376\377\000L\000i\000s\000t\000\040\000o\000f\000\040\000A\000b\000b\000r\000e\000v\000i\000a\000t\000i\000o\000n\000s}{}% 5
\BOOKMARK [0][-]{chapter.1}{\376\377\000I\000n\000t\000r\000o\000d\000u\000c\000t\000i\000o\000n}{}% 6
\BOOKMARK [1][-]{section.2}{\376\377\000M\000o\000t\000i\000v\000a\000t\000i\000o\000n}{chapter.1}% 7
\BOOKMARK [1][-]{section.3}{\376\377\000O\000b\000j\000e\000c\000t\000i\000v\000e\000s}{chapter.1}% 8
\BOOKMARK [1][-]{section.10}{\376\377\000E\000x\000p\000e\000c\000t\000e\000d\000\040\000C\000o\000n\000t\000r\000i\000b\000u\000t\000i\000o\000n\000s}{chapter.1}% 9
\BOOKMARK [0][-]{chapter.14}{\376\377\000L\000i\000t\000e\000r\000a\000t\000u\000r\000e\000\040\000R\000e\000v\000i\000e\000w}{}% 10
\BOOKMARK [1][-]{section.16}{\376\377\000O\000v\000e\000r\000v\000i\000e\000w}{chapter.14}% 11
\BOOKMARK [1][-]{section.17}{\376\377\000H\000i\000s\000t\000o\000r\000i\000c\000a\000l\000\040\000E\000v\000o\000l\000u\000t\000i\000o\000n\000\040\000o\000f\000\040\000D\000r\000i\000f\000t\000\040\000D\000e\000t\000e\000c\000t\000i\000o\000n}{chapter.14}% 12
\BOOKMARK [1][-]{section.19}{\376\377\000T\000y\000p\000e\000s\000\040\000o\000f\000\040\000D\000r\000i\000f\000t}{chapter.14}% 13
\BOOKMARK [2][-]{subsection.20}{\376\377\000D\000r\000i\000f\000t\000\040\000b\000y\000\040\000N\000a\000t\000u\000r\000e\000\040\000o\000f\000\040\000C\000h\000a\000n\000g\000e}{section.19}% 14
\BOOKMARK [2][-]{subsection.21}{\376\377\000D\000r\000i\000f\000t\000\040\000b\000y\000\040\000T\000e\000m\000p\000o\000r\000a\000l\000\040\000P\000a\000t\000t\000e\000r\000n}{section.19}% 15
\BOOKMARK [2][-]{subsection.22}{\376\377\000S\000u\000m\000m\000a\000r\000y\000\040\000T\000a\000x\000o\000n\000o\000m\000y}{section.19}% 16
\BOOKMARK [1][-]{section.24}{\376\377\000C\000l\000a\000s\000s\000i\000f\000i\000c\000a\000t\000i\000o\000n\000\040\000o\000f\000\040\000D\000r\000i\000f\000t\000\040\000D\000e\000t\000e\000c\000t\000i\000o\000n\000\040\000M\000e\000t\000h\000o\000d\000s}{chapter.14}% 17
\BOOKMARK [2][-]{subsection.25}{\376\377\000S\000u\000p\000e\000r\000v\000i\000s\000e\000d\000\040\000D\000r\000i\000f\000t\000\040\000D\000e\000t\000e\000c\000t\000i\000o\000n\000\040\000M\000e\000t\000h\000o\000d\000s}{section.24}% 18
\BOOKMARK [2][-]{subsection.26}{\376\377\000U\000n\000s\000u\000p\000e\000r\000v\000i\000s\000e\000d\000\040\000D\000r\000i\000f\000t\000\040\000D\000e\000t\000e\000c\000t\000i\000o\000n\000\040\000M\000e\000t\000h\000o\000d\000s}{section.24}% 19
\BOOKMARK [2][-]{subsection.33}{\376\377\000H\000y\000b\000r\000i\000d\000\040\000a\000n\000d\000\040\000E\000n\000s\000e\000m\000b\000l\000e\000\040\000M\000e\000t\000h\000o\000d\000s}{section.24}% 20
\BOOKMARK [1][-]{section.34}{\376\377\000L\000i\000m\000i\000t\000a\000t\000i\000o\000n\000s\000\040\000o\000f\000\040\000E\000x\000i\000s\000t\000i\000n\000g\000\040\000M\000e\000t\000h\000o\000d\000s}{chapter.14}% 21
\BOOKMARK [1][-]{section.35}{\376\377\000D\000r\000i\000f\000t\000\040\000M\000i\000t\000i\000g\000a\000t\000i\000o\000n\000\040\000a\000n\000d\000\040\000A\000d\000a\000p\000t\000a\000t\000i\000o\000n\000\040\000S\000t\000r\000a\000t\000e\000g\000i\000e\000s}{chapter.14}% 22
\BOOKMARK [1][-]{section.41}{\376\377\000I\000n\000d\000u\000s\000t\000r\000y\000\040\000A\000p\000p\000l\000i\000c\000a\000t\000i\000o\000n\000s\000\040\000o\000f\000\040\000D\000r\000i\000f\000t\000\040\000D\000e\000t\000e\000c\000t\000i\000o\000n}{chapter.14}% 23
\BOOKMARK [1][-]{section.42}{\376\377\000R\000e\000l\000a\000t\000e\000d\000\040\000W\000o\000r\000k\000:\000\040\000D\000i\000s\000c\000r\000i\000m\000i\000n\000a\000t\000i\000v\000e\000\040\000a\000n\000d\000\040\000A\000t\000t\000r\000i\000b\000u\000t\000i\000o\000n\000\040\000A\000p\000p\000r\000o\000a\000c\000h\000e\000s}{chapter.14}% 24
\BOOKMARK [2][-]{subsection.43}{\376\377\000D\000i\000s\000c\000r\000i\000m\000i\000n\000a\000t\000i\000v\000e\000\040\000D\000i\000s\000t\000r\000i\000b\000u\000t\000i\000o\000n\000\040\000T\000e\000s\000t\000i\000n\000g}{section.42}% 25
\BOOKMARK [2][-]{subsection.44}{\376\377\000I\000n\000d\000u\000s\000t\000r\000i\000a\000l\000\040\000A\000p\000p\000l\000i\000c\000a\000t\000i\000o\000n\000s\000\040\000o\000f\000\040\000D\000i\000s\000c\000r\000i\000m\000i\000n\000a\000t\000i\000v\000e\000\040\000D\000e\000t\000e\000c\000t\000i\000o\000n}{section.42}% 26
\BOOKMARK [2][-]{subsection.45}{\376\377\000R\000e\000c\000e\000n\000t\000\040\000A\000d\000v\000a\000n\000c\000e\000s\000\040\000i\000n\000\040\000D\000r\000i\000f\000t\000\040\000D\000e\000t\000e\000c\000t\000i\000o\000n\000\040\000\050\0002\0000\0002\0004\040\023\0002\0000\0002\0006\000\051}{section.42}% 27
\BOOKMARK [1][-]{section.46}{\376\377\000G\000a\000p\000\040\000i\000n\000\040\000t\000h\000e\000\040\000L\000i\000t\000e\000r\000a\000t\000u\000r\000e}{chapter.14}% 28
\BOOKMARK [0][-]{chapter.51}{\376\377\000M\000e\000t\000h\000o\000d\000o\000l\000o\000g\000y}{}% 29
\BOOKMARK [1][-]{section.55}{\376\377\000O\000v\000e\000r\000v\000i\000e\000w\000:\000\040\000E\000n\000h\000a\000n\000c\000e\000d\000\040\000A\000d\000v\000e\000r\000s\000a\000r\000i\000a\000l\000\040\000D\000r\000i\000f\000t\000\040\000D\000e\000t\000e\000c\000t\000i\000o\000n\000\040\000\050\000E\000A\000D\000D\000\051}{chapter.51}% 30
\BOOKMARK [1][-]{section.59}{\376\377\000P\000r\000o\000b\000l\000e\000m\000\040\000F\000o\000r\000m\000u\000l\000a\000t\000i\000o\000n}{chapter.51}% 31
\BOOKMARK [1][-]{section.60}{\376\377\000E\000A\000D\000D\000\040\000F\000r\000a\000m\000e\000w\000o\000r\000k\000\040\000C\000o\000m\000p\000o\000n\000e\000n\000t\000s}{chapter.51}% 32
\BOOKMARK [2][-]{subsection.62}{\376\377\000S\000t\000e\000p\000\040\0001\000:\000\040\000A\000d\000a\000p\000t\000i\000v\000e\000\040\000R\000e\000f\000e\000r\000e\000n\000c\000e\000\040\000W\000i\000n\000d\000o\000w\000i\000n\000g}{section.60}% 33
\BOOKMARK [2][-]{subsection.63}{\376\377\000S\000t\000e\000p\000\040\0002\000:\000\040\000D\000i\000s\000c\000r\000i\000m\000i\000n\000a\000t\000i\000v\000e\000\040\000C\000l\000a\000s\000s\000i\000f\000i\000c\000a\000t\000i\000o\000n\000\040\000\050\000T\000h\000e\000\040\000D\000e\000t\000e\000c\000t\000o\000r\000\051}{section.60}% 34
\BOOKMARK [2][-]{subsection.64}{\376\377\000S\000t\000e\000p\000\040\0002\000b\000:\000\040\000P\000r\000e\000d\000i\000c\000t\000i\000o\000n\000\040\000E\000n\000t\000r\000o\000p\000y\000\040\000M\000o\000n\000i\000t\000o\000r\000i\000n\000g\000\040\000\050\000H\000p\000r\000e\000d\000\051\000\040\040\024\000\040\000C\000o\000n\000t\000r\000i\000b\000u\000t\000i\000o\000n\000\040\0001\000a}{section.60}% 35
\BOOKMARK [2][-]{subsection.66}{\376\377\000S\000t\000e\000p\000\040\0003\000:\000\040\000A\000d\000a\000p\000t\000i\000v\000e\000\040\000S\000e\000q\000u\000e\000n\000t\000i\000a\000l\000\040\000P\000e\000r\000m\000u\000t\000a\000t\000i\000o\000n\000\040\000T\000e\000s\000t\000\040\000\050\000A\000S\000P\000T\000\051\000\040\040\024\000\040\000C\000o\000n\000t\000r\000i\000b\000u\000t\000i\000o\000n\000\040\0001\000b}{section.60}% 36
\BOOKMARK [2][-]{subsection.70}{\376\377\000S\000t\000e\000p\000\040\0004\000a\000:\000\040\000F\000e\000a\000t\000u\000r\000e\000\040\000D\000r\000i\000f\000t\000\040\000L\000o\000c\000a\000l\000i\000s\000a\000t\000i\000o\000n\000\040\000v\000i\000a\000\040\000S\000H\000A\000P\000\040\040\024\000\040\000C\000o\000n\000t\000r\000i\000b\000u\000t\000i\000o\000n\000\040\0002\000a}{section.60}% 37
\BOOKMARK [2][-]{subsection.79}{\376\377\000S\000t\000e\000p\000\040\0004\000b\000:\000\040\000D\000r\000i\000f\000t\000\040\000S\000e\000v\000e\000r\000i\000t\000y\000\040\000I\000n\000d\000e\000x\000\040\000\050\000D\000S\000I\000\051\000\040\040\024\000\040\000C\000o\000n\000t\000r\000i\000b\000u\000t\000i\000o\000n\000\040\0002\000b}{section.60}% 38
\BOOKMARK [2][-]{subsection.83}{\376\377\000A\000u\000t\000o\000m\000a\000t\000e\000d\000\040\000D\000r\000i\000f\000t\000\040\000P\000r\000e\000s\000c\000r\000i\000p\000t\000i\000o\000n\000\040\000v\000i\000a\000\040\000D\000S\000I}{section.60}% 39
\BOOKMARK [2][-]{subsection.84}{\376\377\000M\000o\000d\000e\000l\000\040\000A\000d\000a\000p\000t\000a\000t\000i\000o\000n\000\040\000S\000t\000r\000a\000t\000e\000g\000i\000e\000s}{section.60}% 40
\BOOKMARK [1][-]{section.85}{\376\377\000D\000a\000t\000a\000s\000e\000t\000s}{chapter.51}% 41
\BOOKMARK [1][-]{section.86}{\376\377\000B\000a\000s\000e\000l\000i\000n\000e\000\040\000D\000r\000i\000f\000t\000\040\000D\000e\000t\000e\000c\000t\000o\000r\000s}{chapter.51}% 42
\BOOKMARK [1][-]{section.87}{\376\377\000E\000v\000a\000l\000u\000a\000t\000i\000o\000n\000\040\000M\000e\000t\000r\000i\000c\000s}{chapter.51}% 43
\BOOKMARK [1][-]{section.88}{\376\377\000E\000x\000p\000e\000r\000i\000m\000e\000n\000t\000a\000l\000\040\000D\000e\000s\000i\000g\000n}{chapter.51}% 44
\BOOKMARK [1][-]{section.89}{\376\377\000P\000r\000a\000c\000t\000i\000c\000a\000l\000\040\000C\000o\000n\000s\000i\000d\000e\000r\000a\000t\000i\000o\000n\000s}{chapter.51}% 45
\BOOKMARK [0][-]{chapter.90}{\376\377\000E\000x\000p\000e\000r\000i\000m\000e\000n\000t\000s\000\040\000a\000n\000d\000\040\000R\000e\000s\000u\000l\000t\000s}{}% 46
\BOOKMARK [1][-]{section.91}{\376\377\000R\000e\000s\000e\000a\000r\000c\000h\000\040\000Q\000u\000e\000s\000t\000i\000o\000n\000s}{chapter.90}% 47
\BOOKMARK [1][-]{section.92}{\376\377\000H\000y\000p\000o\000t\000h\000e\000s\000e\000s}{chapter.90}% 48
\BOOKMARK [1][-]{section.93}{\376\377\000E\000x\000p\000e\000r\000i\000m\000e\000n\000t\000a\000l\000\040\000S\000e\000t\000u\000p}{chapter.90}% 49
\BOOKMARK [1][-]{section.94}{\376\377\000E\000x\000p\000e\000r\000i\000m\000e\000n\000t\000\040\0001\000:\000\040\000M\000u\000l\000t\000i\000-\000D\000e\000t\000e\000c\000t\000o\000r\000\040\000S\000e\000n\000s\000i\000t\000i\000v\000i\000t\000y\000\040\000t\000o\000\040\000T\000e\000m\000p\000o\000r\000a\000l\000\040\000D\000r\000i\000f\000t\000\040\000P\000a\000t\000t\000e\000r\000n\000s}{chapter.90}% 50
\BOOKMARK [1][-]{section.102}{\376\377\000E\000x\000p\000e\000r\000i\000m\000e\000n\000t\000\040\0002\000:\000\040\000M\000u\000l\000t\000i\000-\000D\000e\000t\000e\000c\000t\000o\000r\000\040\000R\000e\000a\000l\000-\000W\000o\000r\000l\000d\000\040\000B\000e\000n\000c\000h\000m\000a\000r\000k}{chapter.90}% 51
\BOOKMARK [1][-]{section.114}{\376\377\000E\000x\000p\000e\000r\000i\000m\000e\000n\000t\000\040\0003\000:\000\040\000S\000H\000A\000P\000\040\000A\000t\000t\000r\000i\000b\000u\000t\000i\000o\000n\000\040\000A\000c\000c\000u\000r\000a\000c\000y}{chapter.90}% 52
\BOOKMARK [1][-]{section.121}{\376\377\000E\000x\000p\000e\000r\000i\000m\000e\000n\000t\000\040\0004\000:\000\040\000R\000o\000b\000u\000s\000t\000n\000e\000s\000s\000\040\000t\000o\000\040\000S\000t\000a\000b\000l\000e\000\040\000D\000a\000t\000a\000\040\000\050\000F\000a\000l\000s\000e\000\040\000A\000l\000a\000r\000m\000\040\000E\000v\000a\000l\000u\000a\000t\000i\000o\000n\000\051}{chapter.90}% 53
\BOOKMARK [1][-]{section.126}{\376\377\000S\000t\000a\000t\000i\000s\000t\000i\000c\000a\000l\000\040\000H\000y\000p\000o\000t\000h\000e\000s\000i\000s\000\040\000T\000e\000s\000t\000i\000n\000g}{chapter.90}% 54
\BOOKMARK [2][-]{subsection.127}{\376\377\000H\0001\000:\000\040\000D\000e\000t\000e\000c\000t\000i\000o\000n\000\040\000C\000o\000v\000e\000r\000a\000g\000e\000\040\000a\000n\000d\000\040\000D\000e\000l\000a\000y}{section.126}% 55
\BOOKMARK [2][-]{subsection.129}{\376\377\000H\0002\000:\000\040\000F\000a\000l\000s\000e\000\040\000A\000l\000a\000r\000m\000\040\000R\000e\000d\000u\000c\000t\000i\000o\000n\000\040\000\050\000M\000a\000n\000n\040\023\000W\000h\000i\000t\000n\000e\000y\000\040\000U\000\040\000T\000e\000s\000t\000\051}{section.126}% 56
\BOOKMARK [2][-]{subsection.130}{\376\377\000H\0003\000:\000\040\000F\000e\000a\000t\000u\000r\000e\000\040\000A\000t\000t\000r\000i\000b\000u\000t\000i\000o\000n\000\040\000A\000c\000c\000u\000r\000a\000c\000y\000\040\000\050\000Q\000u\000a\000n\000t\000i\000t\000a\000t\000i\000v\000e\000\040\000E\000v\000a\000l\000u\000a\000t\000i\000o\000n\000\051}{section.126}% 57
\BOOKMARK [1][-]{section.131}{\376\377\000Q\000u\000a\000l\000i\000t\000a\000t\000i\000v\000e\000\040\000C\000o\000m\000p\000o\000n\000e\000n\000t\000\040\000A\000n\000a\000l\000y\000s\000i\000s\000:\000\040\000A\000U\000C\000\040\000a\000n\000d\000\040\000A\000S\000P\000T\000\040\000B\000e\000h\000a\000v\000i\000o\000u\000r\000\040\000o\000n\000\040\000R\000e\000a\000l\000-\000W\000o\000r\000l\000d\000\040\000D\000a\000t\000a}{chapter.90}% 58
\BOOKMARK [0][-]{chapter.132}{\376\377\000D\000i\000s\000c\000u\000s\000s\000i\000o\000n}{}% 59
\BOOKMARK [1][-]{section.133}{\376\377\000A\000d\000d\000r\000e\000s\000s\000i\000n\000g\000\040\000C\000o\000r\000e\000\040\000R\000e\000s\000e\000a\000r\000c\000h\000\040\000Q\000u\000e\000s\000t\000i\000o\000n\000s}{chapter.132}% 60
\BOOKMARK [2][-]{subsection.134}{\376\377\000R\000Q\0001\000:\000\040\000D\000e\000t\000e\000c\000t\000i\000o\000n\000\040\000A\000c\000c\000u\000r\000a\000c\000y}{section.133}% 61
\BOOKMARK [2][-]{subsection.135}{\376\377\000R\000Q\0002\000:\000\040\000D\000i\000a\000g\000n\000o\000s\000t\000i\000c\000\040\000A\000t\000t\000r\000i\000b\000u\000t\000i\000o\000n}{section.133}% 62
\BOOKMARK [2][-]{subsection.136}{\376\377\000R\000Q\0003\000:\000\040\000R\000o\000b\000u\000s\000t\000n\000e\000s\000s}{section.133}% 63
\BOOKMARK [1][-]{section.137}{\376\377\000P\000r\000a\000c\000t\000i\000c\000a\000l\000\040\000I\000m\000p\000l\000e\000m\000e\000n\000t\000a\000t\000i\000o\000n\000\040\000C\000o\000n\000s\000i\000d\000e\000r\000a\000t\000i\000o\000n\000s}{chapter.132}% 64
\BOOKMARK [2][-]{subsection.138}{\376\377\000W\000i\000n\000d\000o\000w\000\040\000S\000i\000z\000e\000\040\000a\000n\000d\000\040\000T\000h\000r\000e\000s\000h\000o\000l\000d\000\040\000S\000e\000l\000e\000c\000t\000i\000o\000n}{section.137}% 65
\BOOKMARK [2][-]{subsection.140}{\376\377\000D\000r\000i\000f\000t\000\040\000T\000y\000p\000e\000\040\000I\000n\000t\000e\000r\000p\000r\000e\000t\000a\000t\000i\000o\000n\000\040\000v\000i\000a\000\040\000D\000S\000I}{section.137}% 66
\BOOKMARK [2][-]{subsection.141}{\376\377\000P\000r\000o\000p\000o\000s\000e\000d\000\040\000M\000L\000O\000p\000s\000\040\000D\000e\000p\000l\000o\000y\000m\000e\000n\000t\000\040\000A\000r\000c\000h\000i\000t\000e\000c\000t\000u\000r\000e}{section.137}% 67
\BOOKMARK [1][-]{section.142}{\376\377\000M\000L\000O\000p\000s\000\040\000P\000r\000e\000s\000c\000r\000i\000p\000t\000i\000o\000n\000\040\000F\000r\000a\000m\000e\000w\000o\000r\000k}{chapter.132}% 68
\BOOKMARK [1][-]{section.144}{\376\377\000L\000i\000m\000i\000t\000a\000t\000i\000o\000n\000s\000\040\000a\000n\000d\000\040\000T\000h\000r\000e\000a\000t\000s\000\040\000t\000o\000\040\000V\000a\000l\000i\000d\000i\000t\000y}{chapter.132}% 69
\BOOKMARK [1][-]{section.145}{\376\377\000C\000h\000a\000p\000t\000e\000r\000\040\000S\000u\000m\000m\000a\000r\000y}{chapter.132}% 70
\BOOKMARK [0][-]{chapter.146}{\376\377\000C\000o\000n\000c\000l\000u\000s\000i\000o\000n}{}% 71
\BOOKMARK [1][-]{section.147}{\376\377\000S\000u\000m\000m\000a\000r\000y\000\040\000o\000f\000\040\000C\000o\000n\000t\000r\000i\000b\000u\000t\000i\000o\000n\000s}{chapter.146}% 72
\BOOKMARK [1][-]{section.151}{\376\377\000I\000m\000p\000l\000i\000c\000a\000t\000i\000o\000n\000s\000\040\000f\000o\000r\000\040\000M\000L\000O\000p\000s}{chapter.146}% 73
\BOOKMARK [1][-]{section.152}{\376\377\000L\000i\000m\000i\000t\000a\000t\000i\000o\000n\000s}{chapter.146}% 74
\BOOKMARK [1][-]{section.153}{\376\377\000F\000u\000t\000u\000r\000e\000\040\000W\000o\000r\000k}{chapter.146}% 75
\BOOKMARK [1][-]{section.161}{\376\377\000C\000o\000n\000c\000l\000u\000d\000i\000n\000g\000\040\000R\000e\000m\000a\000r\000k\000s}{chapter.146}% 76
\BOOKMARK [0][-]{section.161}{\376\377\000A\000P\000P\000E\000N\000D\000I\000X}{}% 77
\BOOKMARK [0][-]{chapter.162}{\376\377\000\040\000\040\000I\000m\000p\000l\000e\000m\000e\000n\000t\000a\000t\000i\000o\000n\000\040\000D\000e\000t\000a\000i\000l\000s}{}% 78
\BOOKMARK [1][-]{section.163}{\376\377\000A\000d\000v\000e\000r\000s\000a\000r\000i\000a\000l\000\040\000C\000l\000a\000s\000s\000i\000f\000i\000e\000r\000\040\000\050\000L\000i\000g\000h\000t\000G\000B\000M\000\051}{chapter.162}% 79
\BOOKMARK [1][-]{section.165}{\376\377\000W\000i\000n\000d\000o\000w\000i\000n\000g\000\040\000a\000n\000d\000\040\000M\000o\000n\000i\000t\000o\000r\000i\000n\000g}{chapter.162}% 80
\BOOKMARK [1][-]{section.166}{\376\377\000U\000n\000c\000e\000r\000t\000a\000i\000n\000t\000y\000\040\000a\000n\000d\000\040\000S\000t\000a\000t\000i\000s\000t\000i\000c\000a\000l\000\040\000T\000e\000s\000t\000i\000n\000g}{chapter.162}% 81
\BOOKMARK [1][-]{section.167}{\376\377\000D\000r\000i\000f\000t\000\040\000S\000e\000v\000e\000r\000i\000t\000y\000\040\000I\000n\000d\000e\000x\000\040\000\050\000D\000S\000I\000\051\000\040\000T\000i\000e\000r\000s}{chapter.162}% 82
\BOOKMARK [0][-]{section.167}{\376\377\000B\000I\000O\000G\000R\000A\000P\000H\000Y}{}% 83
