This is pdfTeX, Version 3.141592653-2.6-1.40.29 (TeX Live 2026) (preloaded format=pdflatex 2026.4.4)  12 APR 2026 12:21
entering extended mode
 restricted \write18 enabled.
 %&-line parsing enabled.
**main.tex
(./main.tex
LaTeX2e <2025-11-01>
L3 programming layer <2026-03-20>
(./muthesis2021.cls
Document Class: muthesis2021 2021/10/14 v0.142 Mahidol University thesis class
(/usr/local/texlive/2026basic/texmf-dist/tex/latex/base/report.cls
Document Class: report 2025/01/22 v1.4n Standard LaTeX document class
(/usr/local/texlive/2026basic/texmf-dist/tex/latex/base/size12.clo
File: size12.clo 2025/01/22 v1.4n Standard LaTeX file (size option)
)
\c@part=\count275
\c@chapter=\count276
\c@section=\count277
\c@subsection=\count278
\c@subsubsection=\count279
\c@paragraph=\count280
\c@subparagraph=\count281
\c@figure=\count282
\c@table=\count283
\abovecaptionskip=\skip49
\belowcaptionskip=\skip50
\bibindent=\dimen150
)
(/usr/local/texlive/2026basic/texmf-dist/tex/latex/psnfss/times.sty
Package: times 2020/03/25 PSNFSS-v9.3 (SPQR) 
)
(/usr/local/texlive/2026basic/texmf-dist/tex/latex/base/ifthen.sty
Package: ifthen 2024/03/16 v1.1e Standard LaTeX ifthen package (DPC)
)
(/usr/local/texlive/2026basic/texmf-dist/tex/latex/hyperref/hyperref.sty
Package: hyperref 2026-01-29 v7.01p Hypertext links for LaTeX

(/usr/local/texlive/2026basic/texmf-dist/tex/generic/iftex/iftex.sty
Package: iftex 2024/12/12 v1.0g TeX engine tests
)
(/usr/local/texlive/2026basic/texmf-dist/tex/latex/graphics/keyval.sty
Package: keyval 2022/05/29 v1.15 key=value parser (DPC)
\KV@toks@=\toks17
)
(/usr/local/texlive/2026basic/texmf-dist/tex/latex/kvsetkeys/kvsetkeys.sty
Package: kvsetkeys 2022-10-05 v1.19 Key value parser (HO)
)
(/usr/local/texlive/2026basic/texmf-dist/tex/generic/kvdefinekeys/kvdefinekeys.
sty
Package: kvdefinekeys 2019-12-19 v1.6 Define keys (HO)
)
(/usr/local/texlive/2026basic/texmf-dist/tex/generic/pdfescape/pdfescape.sty
Package: pdfescape 2019/12/09 v1.15 Implements pdfTeX's escape features (HO)

(/usr/local/texlive/2026basic/texmf-dist/tex/generic/ltxcmds/ltxcmds.sty
Package: ltxcmds 2023-12-04 v1.26 LaTeX kernel commands for general use (HO)
)
(/usr/local/texlive/2026basic/texmf-dist/tex/generic/pdftexcmds/pdftexcmds.sty
Package: pdftexcmds 2020-06-27 v0.33 Utility functions of pdfTeX for LuaTeX (HO
)

(/usr/local/texlive/2026basic/texmf-dist/tex/generic/infwarerr/infwarerr.sty
Package: infwarerr 2019/12/03 v1.5 Providing info/warning/error messages (HO)
)
Package pdftexcmds Info: \pdf@primitive is available.
Package pdftexcmds Info: \pdf@ifprimitive is available.
Package pdftexcmds Info: \pdfdraftmode found.
)) (/usr/local/texlive/2026basic/texmf-dist/tex/latex/hycolor/hycolor.sty
Package: hycolor 2020-01-27 v1.10 Color options for hyperref/bookmark (HO)
)
(/usr/local/texlive/2026basic/texmf-dist/tex/latex/hyperref/nameref.sty
Package: nameref 2026-01-29 v2.58 Cross-referencing by name of section

(/usr/local/texlive/2026basic/texmf-dist/tex/latex/refcount/refcount.sty
Package: refcount 2019/12/15 v3.6 Data extraction from label references (HO)
)
(/usr/local/texlive/2026basic/texmf-dist/tex/generic/gettitlestring/gettitlestr
ing.sty
Package: gettitlestring 2019/12/15 v1.6 Cleanup title references (HO)

(/usr/local/texlive/2026basic/texmf-dist/tex/latex/kvoptions/kvoptions.sty
Package: kvoptions 2022-06-15 v3.15 Key value format for package options (HO)
))
\c@section@level=\count284
)
(/usr/local/texlive/2026basic/texmf-dist/tex/latex/etoolbox/etoolbox.sty
Package: etoolbox 2025/10/02 v2.5m e-TeX tools for LaTeX (JAW)
\etb@tempcnta=\count285
)
(/usr/local/texlive/2026basic/texmf-dist/tex/generic/stringenc/stringenc.sty
Package: stringenc 2019/11/29 v1.12 Convert strings between diff. encodings (HO
)
)
\@linkdim=\dimen151
\Hy@linkcounter=\count286
\Hy@pagecounter=\count287

(/usr/local/texlive/2026basic/texmf-dist/tex/latex/hyperref/pd1enc.def
File: pd1enc.def 2026-01-29 v7.01p Hyperref: PDFDocEncoding definition (HO)
Now handling font encoding PD1 ...
... no UTF-8 mapping file for font encoding PD1
)
(/usr/local/texlive/2026basic/texmf-dist/tex/generic/intcalc/intcalc.sty
Package: intcalc 2019/12/15 v1.3 Expandable calculations with integers (HO)
)
\Hy@SavedSpaceFactor=\count288

(/usr/local/texlive/2026basic/texmf-dist/tex/latex/hyperref/puenc.def
File: puenc.def 2026-01-29 v7.01p Hyperref: PDF Unicode definition (HO)
Now handling font encoding PU ...
... no UTF-8 mapping file for font encoding PU
)
Package hyperref Info: Option `hypertexnames' set `false' on input line 4072.
Package hyperref Info: Option `bookmarks' set `true' on input line 4072.
Package hyperref Info: Hyper figures OFF on input line 4201.
Package hyperref Info: Link nesting OFF on input line 4206.
Package hyperref Info: Hyper index ON on input line 4209.
Package hyperref Info: Plain pages OFF on input line 4216.
Package hyperref Info: Backreferencing OFF on input line 4221.
Package hyperref Info: Implicit mode ON; LaTeX internals redefined.
Package hyperref Info: Bookmarks ON on input line 4468.
\c@Hy@tempcnt=\count289

(/usr/local/texlive/2026basic/texmf-dist/tex/latex/url/url.sty
\Urlmuskip=\muskip17
Package: url 2013/09/16  ver 3.4  Verb mode for urls, etc.
)
LaTeX Info: Redefining \url on input line 4807.
\XeTeXLinkMargin=\dimen152

(/usr/local/texlive/2026basic/texmf-dist/tex/generic/bitset/bitset.sty
Package: bitset 2019/12/09 v1.3 Handle bit-vector datatype (HO)

(/usr/local/texlive/2026basic/texmf-dist/tex/generic/bigintcalc/bigintcalc.sty
Package: bigintcalc 2019/12/15 v1.5 Expandable calculations on big integers (HO
)
))
\Fld@menulength=\count290
\Field@Width=\dimen153
\Fld@charsize=\dimen154
Package hyperref Info: Hyper figures OFF on input line 6084.
Package hyperref Info: Link nesting OFF on input line 6089.
Package hyperref Info: Hyper index ON on input line 6092.
Package hyperref Info: backreferencing OFF on input line 6099.
Package hyperref Info: Link coloring OFF on input line 6104.
Package hyperref Info: Link coloring with OCG OFF on input line 6109.
Package hyperref Info: PDF/A mode OFF on input line 6114.
\Hy@abspage=\count291
\c@Item=\count292
\c@Hfootnote=\count293
)
Package hyperref Info: Driver (autodetected): hpdftex.
 (/usr/local/texlive/2026basic/texmf-dist/tex/latex/hyperref/hpdftex.def
File: hpdftex.def 2026-01-29 v7.01p Hyperref driver for pdfTeX
\Fld@listcount=\count294
\c@bookmark@seq@number=\count295

(/usr/local/texlive/2026basic/texmf-dist/tex/latex/rerunfilecheck/rerunfilechec
k.sty
Package: rerunfilecheck 2025-06-21 v1.11 Rerun checks for auxiliary files (HO)

(/usr/local/texlive/2026basic/texmf-dist/tex/generic/uniquecounter/uniquecounte
r.sty
Package: uniquecounter 2019/12/15 v1.4 Provide unlimited unique counter (HO)
)
Package uniquecounter Info: New unique counter `rerunfilecheck' on input line 2
84.
)
\Hy@SectionHShift=\skip51
)
\refbaselineskip=\skip52
\@topskipsave=\skip53
\@halftextwidth=\skip54
) (/usr/local/texlive/2026basic/texmf-dist/tex/latex/natbib/natbib.sty
Package: natbib 2010/09/13 8.31b (PWD, AO)
\bibhang=\skip55
\bibsep=\skip56
LaTeX Info: Redefining \cite on input line 694.
\c@NAT@ctr=\count296
) (/usr/local/texlive/2026basic/texmf-dist/tex/latex/graphics/graphicx.sty
Package: graphicx 2024/12/31 v1.2e Enhanced LaTeX Graphics (DPC,SPQR)

(/usr/local/texlive/2026basic/texmf-dist/tex/latex/graphics/graphics.sty
Package: graphics 2024/08/06 v1.4g Standard LaTeX Graphics (DPC,SPQR)

(/usr/local/texlive/2026basic/texmf-dist/tex/latex/graphics/trig.sty
Package: trig 2023/12/02 v1.11 sin cos tan (DPC)
)
(/usr/local/texlive/2026basic/texmf-dist/tex/latex/graphics-cfg/graphics.cfg
File: graphics.cfg 2016/06/04 v1.11 sample graphics configuration
)
Package graphics Info: Driver file: pdftex.def on input line 106.

(/usr/local/texlive/2026basic/texmf-dist/tex/latex/graphics-def/pdftex.def
File: pdftex.def 2025/09/29 v1.2d Graphics/color driver for pdftex
))
\Gin@req@height=\dimen155
\Gin@req@width=\dimen156
)
(/usr/local/texlive/2026basic/texmf-dist/tex/latex/base/latexsym.sty
Package: latexsym 1998/08/17 v2.2e Standard LaTeX package (lasy symbols)
\symlasy=\mathgroup4
LaTeX Font Info:    Overwriting symbol font `lasy' in version `bold'
(Font)                  U/lasy/m/n --> U/lasy/b/n on input line 52.
)
(/usr/local/texlive/2026basic/texmf-dist/tex/latex/amsmath/amsmath.sty
Package: amsmath 2025/07/09 v2.17z AMS math features
\@mathmargin=\skip57

For additional information on amsmath, use the `?' option.
(/usr/local/texlive/2026basic/texmf-dist/tex/latex/amsmath/amstext.sty
Package: amstext 2024/11/17 v2.01 AMS text

(/usr/local/texlive/2026basic/texmf-dist/tex/latex/amsmath/amsgen.sty
File: amsgen.sty 1999/11/30 v2.0 generic functions
\@emptytoks=\toks18
\ex@=\dimen157
))
(/usr/local/texlive/2026basic/texmf-dist/tex/latex/amsmath/amsbsy.sty
Package: amsbsy 1999/11/29 v1.2d Bold Symbols
\pmbraise@=\dimen158
)
(/usr/local/texlive/2026basic/texmf-dist/tex/latex/amsmath/amsopn.sty
Package: amsopn 2022/04/08 v2.04 operator names
)
\inf@bad=\count297
LaTeX Info: Redefining \frac on input line 233.
\uproot@=\count298
\leftroot@=\count299
LaTeX Info: Redefining \overline on input line 398.
LaTeX Info: Redefining \colon on input line 409.
\classnum@=\count300
\DOTSCASE@=\count301
LaTeX Info: Redefining \ldots on input line 495.
LaTeX Info: Redefining \dots on input line 498.
LaTeX Info: Redefining \cdots on input line 619.
\Mathstrutbox@=\box53
\strutbox@=\box54
LaTeX Info: Redefining \big on input line 721.
LaTeX Info: Redefining \Big on input line 722.
LaTeX Info: Redefining \bigg on input line 723.
LaTeX Info: Redefining \Bigg on input line 724.
\big@size=\dimen159
LaTeX Font Info:    Redeclaring font encoding OML on input line 742.
LaTeX Font Info:    Redeclaring font encoding OMS on input line 743.
\macc@depth=\count302
LaTeX Info: Redefining \bmod on input line 904.
LaTeX Info: Redefining \pmod on input line 909.
LaTeX Info: Redefining \smash on input line 939.
LaTeX Info: Redefining \relbar on input line 969.
LaTeX Info: Redefining \Relbar on input line 970.
\c@MaxMatrixCols=\count303
\dotsspace@=\muskip18
\c@parentequation=\count304
\dspbrk@lvl=\count305
\tag@help=\toks19
\row@=\count306
\column@=\count307
\maxfields@=\count308
\andhelp@=\toks20
\eqnshift@=\dimen160
\alignsep@=\dimen161
\tagshift@=\dimen162
\tagwidth@=\dimen163
\totwidth@=\dimen164
\lineht@=\dimen165
\@envbody=\toks21
\multlinegap=\skip58
\multlinetaggap=\skip59
\mathdisplay@stack=\toks22
LaTeX Info: Redefining \[ on input line 2950.
LaTeX Info: Redefining \] on input line 2951.
)
(/usr/local/texlive/2026basic/texmf-dist/tex/latex/amscls/amsthm.sty
Package: amsthm 2020/05/29 v2.20.6
\thm@style=\toks23
\thm@bodyfont=\toks24
\thm@headfont=\toks25
\thm@notefont=\toks26
\thm@headpunct=\toks27
\thm@preskip=\skip60
\thm@postskip=\skip61
\thm@headsep=\skip62
\dth@everypar=\toks28
)
(/usr/local/texlive/2026basic/texmf-dist/tex/latex/base/textcomp.sty
Package: textcomp 2024/04/24 v2.1b Standard LaTeX package
)
(/usr/local/texlive/2026basic/texmf-dist/tex/latex/caption/caption.sty
Package: caption 2023/08/05 v3.6o Customizing captions (AR)

(/usr/local/texlive/2026basic/texmf-dist/tex/latex/caption/caption3.sty
Package: caption3 2023/07/31 v2.4d caption3 kernel (AR)
\caption@tempdima=\dimen166
\captionmargin=\dimen167
\caption@leftmargin=\dimen168
\caption@rightmargin=\dimen169
\caption@width=\dimen170
\caption@indent=\dimen171
\caption@parindent=\dimen172
\caption@hangindent=\dimen173
Package caption Info: Standard document class detected.
)
\c@caption@flags=\count309
\c@continuedfloat=\count310
Package caption Info: hyperref package is loaded.
)
(/Users/nusratbegum/Library/texmf/tex/latex/setspace/setspace.sty
Package: setspace 2022/12/04 v6.7b set line spacing
)
(/Users/nusratbegum/Library/texmf/tex/latex/pgf/frontendlayer/tikz.sty
(/Users/nusratbegum/Library/texmf/tex/latex/pgf/basiclayer/pgf.sty
(/Users/nusratbegum/Library/texmf/tex/latex/pgf/utilities/pgfrcs.sty
(/Users/nusratbegum/Library/texmf/tex/generic/pgf/utilities/pgfutil-common.tex
\pgfutil@everybye=\toks29
\pgfutil@tempdima=\dimen174
\pgfutil@tempdimb=\dimen175
) (/Users/nusratbegum/Library/texmf/tex/generic/pgf/utilities/pgfutil-latex.def
\pgfutil@abb=\box55
) (/Users/nusratbegum/Library/texmf/tex/generic/pgf/utilities/pgfrcs.code.tex
(/Users/nusratbegum/Library/texmf/tex/generic/pgf/pgf.revision.tex)
Package: pgfrcs 2025-08-29 v3.1.11a (3.1.11a)
))
Package: pgf 2025-08-29 v3.1.11a (3.1.11a)

(/Users/nusratbegum/Library/texmf/tex/latex/pgf/basiclayer/pgfcore.sty
(/Users/nusratbegum/Library/texmf/tex/latex/pgf/systemlayer/pgfsys.sty
(/Users/nusratbegum/Library/texmf/tex/generic/pgf/systemlayer/pgfsys.code.tex
Package: pgfsys 2025-08-29 v3.1.11a (3.1.11a)

(/Users/nusratbegum/Library/texmf/tex/generic/pgf/utilities/pgfkeys.code.tex
\pgfkeys@pathtoks=\toks30
\pgfkeys@temptoks=\toks31

(/Users/nusratbegum/Library/texmf/tex/generic/pgf/utilities/pgfkeyslibraryfilte
red.code.tex
\pgfkeys@tmptoks=\toks32
))
\pgf@x=\dimen176
\pgf@y=\dimen177
\pgf@xa=\dimen178
\pgf@ya=\dimen179
\pgf@xb=\dimen180
\pgf@yb=\dimen181
\pgf@xc=\dimen182
\pgf@yc=\dimen183
\pgf@xd=\dimen184
\pgf@yd=\dimen185
\w@pgf@writea=\write3
\r@pgf@reada=\read2
\c@pgf@counta=\count311
\c@pgf@countb=\count312
\c@pgf@countc=\count313
\c@pgf@countd=\count314
\t@pgf@toka=\toks33
\t@pgf@tokb=\toks34
\t@pgf@tokc=\toks35
\pgf@sys@id@count=\count315

(/Users/nusratbegum/Library/texmf/tex/generic/pgf/systemlayer/pgf.cfg
File: pgf.cfg 2025-08-29 v3.1.11a (3.1.11a)
)
Driver file for pgf: pgfsys-pdftex.def

(/Users/nusratbegum/Library/texmf/tex/generic/pgf/systemlayer/pgfsys-pdftex.def
File: pgfsys-pdftex.def 2025-08-29 v3.1.11a (3.1.11a)

(/Users/nusratbegum/Library/texmf/tex/generic/pgf/systemlayer/pgfsys-common-pdf
.def
File: pgfsys-common-pdf.def 2025-08-29 v3.1.11a (3.1.11a)
)))
(/Users/nusratbegum/Library/texmf/tex/generic/pgf/systemlayer/pgfsyssoftpath.co
de.tex
File: pgfsyssoftpath.code.tex 2025-08-29 v3.1.11a (3.1.11a)
\pgfsyssoftpath@smallbuffer@items=\count316
\pgfsyssoftpath@bigbuffer@items=\count317
)
(/Users/nusratbegum/Library/texmf/tex/generic/pgf/systemlayer/pgfsysprotocol.co
de.tex
File: pgfsysprotocol.code.tex 2025-08-29 v3.1.11a (3.1.11a)
)) (/Users/nusratbegum/Library/texmf/tex/latex/xcolor/xcolor.sty
Package: xcolor 2024/09/29 v3.02 LaTeX color extensions (UK)

(/usr/local/texlive/2026basic/texmf-dist/tex/latex/graphics-cfg/color.cfg
File: color.cfg 2016/01/02 v1.6 sample color configuration
)
Package xcolor Info: Driver file: pdftex.def on input line 274.

(/usr/local/texlive/2026basic/texmf-dist/tex/latex/graphics/mathcolor.ltx)
Package xcolor Info: Model `cmy' substituted by `cmy0' on input line 1349.
Package xcolor Info: Model `hsb' substituted by `rgb' on input line 1353.
Package xcolor Info: Model `RGB' extended on input line 1365.
Package xcolor Info: Model `HTML' substituted by `rgb' on input line 1367.
Package xcolor Info: Model `Hsb' substituted by `hsb' on input line 1368.
Package xcolor Info: Model `tHsb' substituted by `hsb' on input line 1369.
Package xcolor Info: Model `HSB' substituted by `hsb' on input line 1370.
Package xcolor Info: Model `Gray' substituted by `gray' on input line 1371.
Package xcolor Info: Model `wave' substituted by `hsb' on input line 1372.
)
(/Users/nusratbegum/Library/texmf/tex/generic/pgf/basiclayer/pgfcore.code.tex
Package: pgfcore 2025-08-29 v3.1.11a (3.1.11a)

(/Users/nusratbegum/Library/texmf/tex/generic/pgf/math/pgfmath.code.tex
(/Users/nusratbegum/Library/texmf/tex/generic/pgf/math/pgfmathutil.code.tex)
(/Users/nusratbegum/Library/texmf/tex/generic/pgf/math/pgfmathparser.code.tex
\pgfmath@dimen=\dimen186
\pgfmath@count=\count318
\pgfmath@box=\box56
\pgfmath@toks=\toks36
\pgfmath@stack@operand=\toks37
\pgfmath@stack@operation=\toks38
)
(/Users/nusratbegum/Library/texmf/tex/generic/pgf/math/pgfmathfunctions.code.te
x)
(/Users/nusratbegum/Library/texmf/tex/generic/pgf/math/pgfmathfunctions.basic.c
ode.tex)
(/Users/nusratbegum/Library/texmf/tex/generic/pgf/math/pgfmathfunctions.trigono
metric.code.tex)
(/Users/nusratbegum/Library/texmf/tex/generic/pgf/math/pgfmathfunctions.random.
code.tex)
(/Users/nusratbegum/Library/texmf/tex/generic/pgf/math/pgfmathfunctions.compari
son.code.tex)
(/Users/nusratbegum/Library/texmf/tex/generic/pgf/math/pgfmathfunctions.base.co
de.tex)
(/Users/nusratbegum/Library/texmf/tex/generic/pgf/math/pgfmathfunctions.round.c
ode.tex)
(/Users/nusratbegum/Library/texmf/tex/generic/pgf/math/pgfmathfunctions.misc.co
de.tex)
(/Users/nusratbegum/Library/texmf/tex/generic/pgf/math/pgfmathfunctions.integer
arithmetics.code.tex)
(/Users/nusratbegum/Library/texmf/tex/generic/pgf/math/pgfmathcalc.code.tex)
(/Users/nusratbegum/Library/texmf/tex/generic/pgf/math/pgfmathfloat.code.tex
\c@pgfmathroundto@lastzeros=\count319
))
(/Users/nusratbegum/Library/texmf/tex/generic/pgf/math/pgfint.code.tex)
(/Users/nusratbegum/Library/texmf/tex/generic/pgf/basiclayer/pgfcorepoints.code
.tex
File: pgfcorepoints.code.tex 2025-08-29 v3.1.11a (3.1.11a)
\pgf@picminx=\dimen187
\pgf@picmaxx=\dimen188
\pgf@picminy=\dimen189
\pgf@picmaxy=\dimen190
\pgf@pathminx=\dimen191
\pgf@pathmaxx=\dimen192
\pgf@pathminy=\dimen193
\pgf@pathmaxy=\dimen194
\pgf@xx=\dimen195
\pgf@xy=\dimen196
\pgf@yx=\dimen197
\pgf@yy=\dimen198
\pgf@zx=\dimen199
\pgf@zy=\dimen256
)
(/Users/nusratbegum/Library/texmf/tex/generic/pgf/basiclayer/pgfcorepathconstru
ct.code.tex
File: pgfcorepathconstruct.code.tex 2025-08-29 v3.1.11a (3.1.11a)
\pgf@path@lastx=\dimen257
\pgf@path@lasty=\dimen258
)
(/Users/nusratbegum/Library/texmf/tex/generic/pgf/basiclayer/pgfcorepathusage.c
ode.tex
File: pgfcorepathusage.code.tex 2025-08-29 v3.1.11a (3.1.11a)
\pgf@shorten@end@additional=\dimen259
\pgf@shorten@start@additional=\dimen260
)
(/Users/nusratbegum/Library/texmf/tex/generic/pgf/basiclayer/pgfcorescopes.code
.tex
File: pgfcorescopes.code.tex 2025-08-29 v3.1.11a (3.1.11a)
\pgfpic=\box57
\pgf@hbox=\box58
\pgf@layerbox@main=\box59
\pgf@picture@serial@count=\count320
)
(/Users/nusratbegum/Library/texmf/tex/generic/pgf/basiclayer/pgfcoregraphicstat
e.code.tex
File: pgfcoregraphicstate.code.tex 2025-08-29 v3.1.11a (3.1.11a)
\pgflinewidth=\dimen261
)
(/Users/nusratbegum/Library/texmf/tex/generic/pgf/basiclayer/pgfcoretransformat
ions.code.tex
File: pgfcoretransformations.code.tex 2025-08-29 v3.1.11a (3.1.11a)
\pgf@pt@x=\dimen262
\pgf@pt@y=\dimen263
\pgf@pt@temp=\dimen264
)
(/Users/nusratbegum/Library/texmf/tex/generic/pgf/basiclayer/pgfcorequick.code.
tex
File: pgfcorequick.code.tex 2025-08-29 v3.1.11a (3.1.11a)
)
(/Users/nusratbegum/Library/texmf/tex/generic/pgf/basiclayer/pgfcoreobjects.cod
e.tex
File: pgfcoreobjects.code.tex 2025-08-29 v3.1.11a (3.1.11a)
)
(/Users/nusratbegum/Library/texmf/tex/generic/pgf/basiclayer/pgfcorepathprocess
ing.code.tex
File: pgfcorepathprocessing.code.tex 2025-08-29 v3.1.11a (3.1.11a)
)
(/Users/nusratbegum/Library/texmf/tex/generic/pgf/basiclayer/pgfcorearrows.code
.tex
File: pgfcorearrows.code.tex 2025-08-29 v3.1.11a (3.1.11a)
\pgfarrowsep=\dimen265
)
(/Users/nusratbegum/Library/texmf/tex/generic/pgf/basiclayer/pgfcoreshade.code.
tex
File: pgfcoreshade.code.tex 2025-08-29 v3.1.11a (3.1.11a)
\pgf@max=\dimen266
\pgf@sys@shading@range@num=\count321
\pgf@shadingcount=\count322
)
(/Users/nusratbegum/Library/texmf/tex/generic/pgf/basiclayer/pgfcoreimage.code.
tex
File: pgfcoreimage.code.tex 2025-08-29 v3.1.11a (3.1.11a)
)
(/Users/nusratbegum/Library/texmf/tex/generic/pgf/basiclayer/pgfcoreexternal.co
de.tex
File: pgfcoreexternal.code.tex 2025-08-29 v3.1.11a (3.1.11a)
\pgfexternal@startupbox=\box60
)
(/Users/nusratbegum/Library/texmf/tex/generic/pgf/basiclayer/pgfcorelayers.code
.tex
File: pgfcorelayers.code.tex 2025-08-29 v3.1.11a (3.1.11a)
)
(/Users/nusratbegum/Library/texmf/tex/generic/pgf/basiclayer/pgfcoretransparenc
y.code.tex
File: pgfcoretransparency.code.tex 2025-08-29 v3.1.11a (3.1.11a)
)
(/Users/nusratbegum/Library/texmf/tex/generic/pgf/basiclayer/pgfcorepatterns.co
de.tex
File: pgfcorepatterns.code.tex 2025-08-29 v3.1.11a (3.1.11a)
)
(/Users/nusratbegum/Library/texmf/tex/generic/pgf/basiclayer/pgfcorerdf.code.te
x
File: pgfcorerdf.code.tex 2025-08-29 v3.1.11a (3.1.11a)
)))
(/Users/nusratbegum/Library/texmf/tex/generic/pgf/modules/pgfmoduleshapes.code.
tex
File: pgfmoduleshapes.code.tex 2025-08-29 v3.1.11a (3.1.11a)
\pgfnodeparttextbox=\box61
)
(/Users/nusratbegum/Library/texmf/tex/generic/pgf/modules/pgfmoduleplot.code.te
x
File: pgfmoduleplot.code.tex 2025-08-29 v3.1.11a (3.1.11a)
)
(/Users/nusratbegum/Library/texmf/tex/latex/pgf/compatibility/pgfcomp-version-0
-65.sty
Package: pgfcomp-version-0-65 2025-08-29 v3.1.11a (3.1.11a)
\pgf@nodesepstart=\dimen267
\pgf@nodesepend=\dimen268
)
(/Users/nusratbegum/Library/texmf/tex/latex/pgf/compatibility/pgfcomp-version-1
-18.sty
Package: pgfcomp-version-1-18 2025-08-29 v3.1.11a (3.1.11a)
)) (/Users/nusratbegum/Library/texmf/tex/latex/pgf/utilities/pgffor.sty
(/Users/nusratbegum/Library/texmf/tex/latex/pgf/utilities/pgfkeys.sty
(/Users/nusratbegum/Library/texmf/tex/generic/pgf/utilities/pgfkeys.code.tex))
(/Users/nusratbegum/Library/texmf/tex/latex/pgf/math/pgfmath.sty
(/Users/nusratbegum/Library/texmf/tex/generic/pgf/math/pgfmath.code.tex))
(/Users/nusratbegum/Library/texmf/tex/generic/pgf/utilities/pgffor.code.tex
Package: pgffor 2025-08-29 v3.1.11a (3.1.11a)
\pgffor@iter=\dimen269
\pgffor@skip=\dimen270
\pgffor@stack=\toks39
\pgffor@toks=\toks40
))
(/Users/nusratbegum/Library/texmf/tex/generic/pgf/frontendlayer/tikz/tikz.code.
tex
Package: tikz 2025-08-29 v3.1.11a (3.1.11a)

(/Users/nusratbegum/Library/texmf/tex/generic/pgf/libraries/pgflibraryplothandl
ers.code.tex
File: pgflibraryplothandlers.code.tex 2025-08-29 v3.1.11a (3.1.11a)
\pgf@plot@mark@count=\count323
\pgfplotmarksize=\dimen271
)
\tikz@lastx=\dimen272
\tikz@lasty=\dimen273
\tikz@lastxsaved=\dimen274
\tikz@lastysaved=\dimen275
\tikz@lastmovetox=\dimen276
\tikz@lastmovetoy=\dimen277
\tikzleveldistance=\dimen278
\tikzsiblingdistance=\dimen279
\tikz@figbox=\box62
\tikz@figbox@bg=\box63
\tikz@tempbox=\box64
\tikz@tempbox@bg=\box65
\tikztreelevel=\count324
\tikznumberofchildren=\count325
\tikznumberofcurrentchild=\count326
\tikz@fig@count=\count327

(/Users/nusratbegum/Library/texmf/tex/generic/pgf/modules/pgfmodulematrix.code.
tex
File: pgfmodulematrix.code.tex 2025-08-29 v3.1.11a (3.1.11a)
\pgfmatrixcurrentrow=\count328
\pgfmatrixcurrentcolumn=\count329
\pgf@matrix@numberofcolumns=\count330
)
\tikz@expandcount=\count331

(/Users/nusratbegum/Library/texmf/tex/generic/pgf/frontendlayer/tikz/libraries/
tikzlibrarytopaths.code.tex
File: tikzlibrarytopaths.code.tex 2025-08-29 v3.1.11a (3.1.11a)
)))
(/Users/nusratbegum/Library/texmf/tex/generic/pgf/frontendlayer/tikz/libraries/
tikzlibraryshapes.geometric.code.tex
File: tikzlibraryshapes.geometric.code.tex 2025-08-29 v3.1.11a (3.1.11a)

(/Users/nusratbegum/Library/texmf/tex/generic/pgf/libraries/shapes/pgflibrarysh
apes.geometric.code.tex
File: pgflibraryshapes.geometric.code.tex 2025-08-29 v3.1.11a (3.1.11a)
))
(/Users/nusratbegum/Library/texmf/tex/generic/pgf/libraries/pgflibraryarrows.me
ta.code.tex
File: pgflibraryarrows.meta.code.tex 2025-08-29 v3.1.11a (3.1.11a)
\pgfarrowinset=\dimen280
\pgfarrowlength=\dimen281
\pgfarrowwidth=\dimen282
\pgfarrowlinewidth=\dimen283
)
(/Users/nusratbegum/Library/texmf/tex/generic/pgf/frontendlayer/tikz/libraries/
tikzlibrarypositioning.code.tex
File: tikzlibrarypositioning.code.tex 2025-08-29 v3.1.11a (3.1.11a)
)
(/Users/nusratbegum/Library/texmf/tex/generic/pgf/frontendlayer/tikz/libraries/
tikzlibrarycalc.code.tex
File: tikzlibrarycalc.code.tex 2025-08-29 v3.1.11a (3.1.11a)
)
(/Users/nusratbegum/Library/texmf/tex/generic/pgf/frontendlayer/tikz/libraries/
tikzlibrarybackgrounds.code.tex
File: tikzlibrarybackgrounds.code.tex 2025-08-29 v3.1.11a (3.1.11a)
\pgf@layerbox@background=\box66
\pgf@layerboxsaved@background=\box67
)
(/Users/nusratbegum/Library/texmf/tex/generic/pgf/frontendlayer/tikz/libraries/
tikzlibraryfit.code.tex
File: tikzlibraryfit.code.tex 2025-08-29 v3.1.11a (3.1.11a)
)
(/Users/nusratbegum/Library/texmf/tex/latex/pgfplots/pgfplots.sty
(/Users/nusratbegum/Library/texmf/tex/generic/pgfplots/pgfplots.revision.tex)
Package: pgfplots 2025/08/14 v1.18.2 Data Visualization (1.18.2)

(/Users/nusratbegum/Library/texmf/tex/generic/pgfplots/pgfplots.code.tex
(/Users/nusratbegum/Library/texmf/tex/generic/pgfplots/pgfplotscore.code.tex
\t@pgfplots@toka=\toks41
\t@pgfplots@tokb=\toks42
\t@pgfplots@tokc=\toks43
\pgfplots@tmpa=\dimen284
\c@pgfplots@coordindex=\count332
\c@pgfplots@scanlineindex=\count333

(/Users/nusratbegum/Library/texmf/tex/generic/pgfplots/sys/pgfplotssysgeneric.c
ode.tex))
(/Users/nusratbegum/Library/texmf/tex/generic/pgfplots/libs/pgfplotslibrary.cod
e.tex)
(/Users/nusratbegum/Library/texmf/tex/generic/pgfplots/oldpgfcompatib/pgfplotso
ldpgfsupp_loader.code.tex
(/Users/nusratbegum/Library/texmf/tex/generic/pgf/libraries/pgflibraryfpu.code.
tex)
(/Users/nusratbegum/Library/texmf/tex/generic/pgfplots/oldpgfcompatib/pgfplotso
ldpgfsupp_pgfutil-common-lists.tex))
(/Users/nusratbegum/Library/texmf/tex/generic/pgfplots/util/pgfplotsutil.code.t
ex
(/Users/nusratbegum/Library/texmf/tex/generic/pgfplots/liststructure/pgfplotsli
ststructure.code.tex)
(/Users/nusratbegum/Library/texmf/tex/generic/pgfplots/liststructure/pgfplotsli
ststructureext.code.tex)
(/Users/nusratbegum/Library/texmf/tex/generic/pgfplots/liststructure/pgfplotsar
ray.code.tex
\c@pgfplotsarray@tmp=\count334
)
(/Users/nusratbegum/Library/texmf/tex/generic/pgfplots/liststructure/pgfplotsma
trix.code.tex)
(/Users/nusratbegum/Library/texmf/tex/generic/pgfplots/numtable/pgfplotstablesh
ared.code.tex
\c@pgfplotstable@counta=\count335
\t@pgfplotstable@a=\toks44
)
(/Users/nusratbegum/Library/texmf/tex/generic/pgfplots/liststructure/pgfplotsde
que.code.tex)
(/Users/nusratbegum/Library/texmf/tex/generic/pgfplots/util/pgfplotsbinary.code
.tex
(/Users/nusratbegum/Library/texmf/tex/generic/pgfplots/util/pgfplotsbinary.data
.code.tex))
(/Users/nusratbegum/Library/texmf/tex/generic/pgfplots/util/pgfplotsutil.verb.c
ode.tex)
(/Users/nusratbegum/Library/texmf/tex/generic/pgfplots/libs/pgflibrarypgfplots.
surfshading.code.tex
\c@pgfplotslibrarysurf@no=\count336

(/Users/nusratbegum/Library/texmf/tex/generic/pgfplots/sys/pgflibrarypgfplots.s
urfshading.pgfsys-pdftex.def)))
(/Users/nusratbegum/Library/texmf/tex/generic/pgfplots/util/pgfplotscolormap.co
de.tex
(/Users/nusratbegum/Library/texmf/tex/generic/pgfplots/util/pgfplotscolor.code.
tex))
(/Users/nusratbegum/Library/texmf/tex/generic/pgfplots/pgfplotsstackedplots.cod
e.tex)
(/Users/nusratbegum/Library/texmf/tex/generic/pgfplots/pgfplotsplothandlers.cod
e.tex
(/Users/nusratbegum/Library/texmf/tex/generic/pgfplots/pgfplotsmeshplothandler.
code.tex
(/Users/nusratbegum/Library/texmf/tex/generic/pgfplots/pgfplotsmeshplotimage.co
de.tex)))
(/Users/nusratbegum/Library/texmf/tex/generic/pgfplots/pgfplots.scaling.code.te
x)
(/Users/nusratbegum/Library/texmf/tex/generic/pgfplots/pgfplotscoordprocessing.
code.tex)
(/Users/nusratbegum/Library/texmf/tex/generic/pgfplots/pgfplots.errorbars.code.
tex)
(/Users/nusratbegum/Library/texmf/tex/generic/pgfplots/pgfplots.markers.code.te
x)
(/Users/nusratbegum/Library/texmf/tex/generic/pgfplots/pgfplotsticks.code.tex)
(/Users/nusratbegum/Library/texmf/tex/generic/pgfplots/pgfplots.paths.code.tex)

(/Users/nusratbegum/Library/texmf/tex/generic/pgf/frontendlayer/tikz/libraries/
tikzlibrarydecorations.code.tex
(/Users/nusratbegum/Library/texmf/tex/generic/pgf/modules/pgfmoduledecorations.
code.tex
\pgfdecoratedcompleteddistance=\dimen285
\pgfdecoratedremainingdistance=\dimen286
\pgfdecoratedinputsegmentcompleteddistance=\dimen287
\pgfdecoratedinputsegmentremainingdistance=\dimen288
\pgf@decorate@distancetomove=\dimen289
\pgf@decorate@repeatstate=\count337
\pgfdecorationsegmentamplitude=\dimen290
\pgfdecorationsegmentlength=\dimen291
)
\tikz@lib@dec@box=\box68
)
(/Users/nusratbegum/Library/texmf/tex/generic/pgf/frontendlayer/tikz/libraries/
tikzlibrarydecorations.pathmorphing.code.tex
(/Users/nusratbegum/Library/texmf/tex/generic/pgf/libraries/decorations/pgflibr
arydecorations.pathmorphing.code.tex))
(/Users/nusratbegum/Library/texmf/tex/generic/pgf/frontendlayer/tikz/libraries/
tikzlibrarydecorations.pathreplacing.code.tex
(/Users/nusratbegum/Library/texmf/tex/generic/pgf/libraries/decorations/pgflibr
arydecorations.pathreplacing.code.tex))
(/Users/nusratbegum/Library/texmf/tex/generic/pgfplots/libs/tikzlibrarypgfplots
.contourlua.code.tex)
\pgfplots@numplots=\count338
\pgfplots@xmin@reg=\dimen292
\pgfplots@xmax@reg=\dimen293
\pgfplots@ymin@reg=\dimen294
\pgfplots@ymax@reg=\dimen295
\pgfplots@zmin@reg=\dimen296
\pgfplots@zmax@reg=\dimen297
)
(/Users/nusratbegum/Library/texmf/tex/generic/pgf/frontendlayer/tikz/libraries/
tikzlibraryplotmarks.code.tex
File: tikzlibraryplotmarks.code.tex 2025-08-29 v3.1.11a (3.1.11a)

(/Users/nusratbegum/Library/texmf/tex/generic/pgf/libraries/pgflibraryplotmarks
.code.tex
File: pgflibraryplotmarks.code.tex 2025-08-29 v3.1.11a (3.1.11a)
)))
(/usr/local/texlive/2026basic/texmf-dist/tex/latex/booktabs/booktabs.sty
Package: booktabs 2020/01/12 v1.61803398 Publication quality tables
\heavyrulewidth=\dimen298
\lightrulewidth=\dimen299
\cmidrulewidth=\dimen300
\belowrulesep=\dimen301
\belowbottomsep=\dimen302
\aboverulesep=\dimen303
\abovetopsep=\dimen304
\cmidrulesep=\dimen305
\cmidrulekern=\dimen306
\defaultaddspace=\dimen307
\@cmidla=\count339
\@cmidlb=\count340
\@aboverulesep=\dimen308
\@belowrulesep=\dimen309
\@thisruleclass=\count341
\@lastruleclass=\count342
\@thisrulewidth=\dimen310
)
(/Users/nusratbegum/Library/texmf/tex/latex/multirow/multirow.sty
Package: multirow 2024/11/12 v2.9 Span multiple rows of a table
\multirow@colwidth=\skip63
\multirow@cntb=\count343
\multirow@dima=\skip64
\bigstrutjot=\dimen311
)
(/usr/local/texlive/2026basic/texmf-dist/tex/latex/amsfonts/amssymb.sty
Package: amssymb 2013/01/14 v3.01 AMS font symbols

(/usr/local/texlive/2026basic/texmf-dist/tex/latex/amsfonts/amsfonts.sty
Package: amsfonts 2013/01/14 v3.01 Basic AMSFonts support
\symAMSa=\mathgroup5
\symAMSb=\mathgroup6
LaTeX Font Info:    Redeclaring math symbol \hbar on input line 98.
LaTeX Font Info:    Overwriting math alphabet `\mathfrak' in version `bold'
(Font)                  U/euf/m/n --> U/euf/b/n on input line 106.
))
(/usr/local/texlive/2026basic/texmf-dist/tex/latex/microtype/microtype.sty
Package: microtype 2026/03/01 v3.2d Micro-typographical refinements (RS)
\MT@toks=\toks45
\MT@tempbox=\box69
\MT@count=\count344
LaTeX Info: Redefining \noprotrusionifhmode on input line 1084.
LaTeX Info: Redefining \leftprotrusion on input line 1085.
\MT@prot@toks=\toks46
LaTeX Info: Redefining \rightprotrusion on input line 1104.
LaTeX Info: Redefining \textls on input line 1449.
\MT@outer@kern=\dimen312
LaTeX Info: Redefining \microtypecontext on input line 2053.
LaTeX Info: Redefining \textmicrotypecontext on input line 2070.
\MT@listname@count=\count345

(/usr/local/texlive/2026basic/texmf-dist/tex/latex/microtype/microtype-pdftex.d
ef
File: microtype-pdftex.def 2026/03/01 v3.2d Definitions specific to pdftex (RS)

LaTeX Info: Redefining \lsstyle on input line 944.
LaTeX Info: Redefining \lslig on input line 944.
\MT@outer@space=\skip65
)
Package microtype Info: Loading configuration file microtype.cfg.
 (/usr/local/texlive/2026basic/texmf-dist/tex/latex/microtype/microtype.cfg
File: microtype.cfg 2026/03/01 v3.2d microtype main configuration file (RS)
)
LaTeX Info: Redefining \microtypesetup on input line 3065.
) (/Users/nusratbegum/Library/texmf/tex/latex/hyphenat/hyphenat.sty
Package: hyphenat 2009/09/02 v2.3c hyphenation utilities
\langwohyphens=\language23
LaTeX Info: Redefining \_ on input line 43.
)
(/Users/nusratbegum/Library/texmf/tex/latex/threeparttable/threeparttable.sty
Package: threeparttable 2003/06/13  v 3.0
\@tempboxb=\box70
)
(./preamble.tex)
LaTeX Font Info:    Trying to load font information for OT1+ptm on input line 4
3.

(/usr/local/texlive/2026basic/texmf-dist/tex/latex/psnfss/ot1ptm.fd
File: ot1ptm.fd 2001/06/04 font definitions for OT1/ptm.
)
(/usr/local/texlive/2026basic/texmf-dist/tex/latex/l3backend/l3backend-pdftex.d
ef
File: l3backend-pdftex.def 2026-02-18 L3 backend support: PDF output (pdfTeX)
\l__color_backend_stack_int=\count346
) (./main.aux)
\openout1 = `main.aux'.

LaTeX Font Info:    Checking defaults for OML/cmm/m/it on input line 43.
LaTeX Font Info:    ... okay on input line 43.
LaTeX Font Info:    Checking defaults for OMS/cmsy/m/n on input line 43.
LaTeX Font Info:    ... okay on input line 43.
LaTeX Font Info:    Checking defaults for OT1/cmr/m/n on input line 43.
LaTeX Font Info:    ... okay on input line 43.
LaTeX Font Info:    Checking defaults for T1/cmr/m/n on input line 43.
LaTeX Font Info:    ... okay on input line 43.
LaTeX Font Info:    Checking defaults for TS1/cmr/m/n on input line 43.
LaTeX Font Info:    ... okay on input line 43.
LaTeX Font Info:    Checking defaults for OMX/cmex/m/n on input line 43.
LaTeX Font Info:    ... okay on input line 43.
LaTeX Font Info:    Checking defaults for U/cmr/m/n on input line 43.
LaTeX Font Info:    ... okay on input line 43.
LaTeX Font Info:    Checking defaults for PD1/pdf/m/n on input line 43.
LaTeX Font Info:    ... okay on input line 43.
LaTeX Font Info:    Checking defaults for PU/pdf/m/n on input line 43.
LaTeX Font Info:    ... okay on input line 43.
Package hyperref Info: Link coloring OFF on input line 43.
 (./main.out) (./main.out)
\@outlinefile=\write4
\openout4 = `main.out'.


(/usr/local/texlive/2026basic/texmf-dist/tex/context/base/mkii/supp-pdf.mkii
[Loading MPS to PDF converter (version 2006.09.02).]
\scratchcounter=\count347
\scratchdimen=\dimen313
\scratchbox=\box71
\nofMPsegments=\count348
\nofMParguments=\count349
\everyMPshowfont=\toks47
\MPscratchCnt=\count350
\MPscratchDim=\dimen314
\MPnumerator=\count351
\makeMPintoPDFobject=\count352
\everyMPtoPDFconversion=\toks48
)
(/usr/local/texlive/2026basic/texmf-dist/tex/latex/epstopdf-pkg/epstopdf-base.s
ty
Package: epstopdf-base 2020-01-24 v2.11 Base part for package epstopdf
 (/usr/local/texlive/2026basic/texmf-dist/tex/latex/grfext/grfext.sty
Package: grfext 2019/12/03 v1.3 Manage graphics extensions (HO)
)
Package epstopdf-base Info: Redefining graphics rule for `.eps' on input line 4
85.
Package grfext Info: Graphics extension search list:
(grfext)             [.pdf,.png,.jpg,.mps,.jpeg,.jbig2,.jb2,.PDF,.PNG,.JPG,.JPE
G,.JBIG2,.JB2,.eps]
(grfext)             \AppendGraphicsExtensions on input line 504.

(/usr/local/texlive/2026basic/texmf-dist/tex/latex/latexconfig/epstopdf-sys.cfg
File: epstopdf-sys.cfg 2010/07/13 v1.3 Configuration of (r)epstopdf for TeX Liv
e
))
Package caption Info: Begin \AtBeginDocument code.
Package caption Info: threeparttable package is loaded.
Package caption Info: End \AtBeginDocument code.

Package pgfplots notification 'compat/show suggested version=true': document ha
s been generated with the most recent feature set (\pgfplotsset{compat=1.18}).

LaTeX Info: Redefining \microtypecontext on input line 43.
Package microtype Info: Applying patch `item' on input line 43.
Package microtype Info: Applying patch `toc' on input line 43.
Package microtype Info: Applying patch `eqnum' on input line 43.

Package microtype Warning: Unable to apply patch `footnote' on input line 43.

Package microtype Info: Applying patch `verbatim' on input line 43.
LaTeX Info: Redefining \microtypesetup on input line 43.
Package microtype Info: Generating PDF output.
Package microtype Info: Character protrusion enabled (level 2).
Package microtype Info: Using default protrusion set `alltext'.
Package microtype Info: Automatic font expansion enabled (level 2),
(microtype)             stretch: 20, shrink: 20, step: 1, non-selected.
Package microtype Info: Using default expansion set `alltext-nott'.
Package microtype Info: Patching command `\showhyphens'.
Package microtype Info: No adjustment of tracking.
Package microtype Info: No adjustment of interword spacing.
Package microtype Info: No adjustment of character kerning.
(/usr/local/texlive/2026basic/texmf-dist/tex/latex/microtype/mt-ptm.cfg
File: mt-ptm.cfg 2006/04/20 v1.7 microtype config. file: Times (RS)
)
(/usr/local/texlive/2026basic/texmf-dist/tex/latex/microtype/mt-cmr.cfg
File: mt-cmr.cfg 2013/05/19 v2.2 microtype config. file: Computer Modern Roman 
(RS)
)
LaTeX Font Info:    Trying to load font information for U+lasy on input line 45
.

(/usr/local/texlive/2026basic/texmf-dist/tex/latex/base/ulasy.fd
File: ulasy.fd 1998/08/17 v2.2e LaTeX symbol font definitions
)
LaTeX Font Info:    Trying to load font information for U+msa on input line 45.


(/usr/local/texlive/2026basic/texmf-dist/tex/latex/amsfonts/umsa.fd
File: umsa.fd 2013/01/14 v3.01 AMS symbols A
)
(/usr/local/texlive/2026basic/texmf-dist/tex/latex/microtype/mt-msa.cfg
File: mt-msa.cfg 2006/02/04 v1.1 microtype config. file: AMS symbols (a) (RS)
)
LaTeX Font Info:    Trying to load font information for U+msb on input line 45.


(/usr/local/texlive/2026basic/texmf-dist/tex/latex/amsfonts/umsb.fd
File: umsb.fd 2013/01/14 v3.01 AMS symbols B
)
(/usr/local/texlive/2026basic/texmf-dist/tex/latex/microtype/mt-msb.cfg
File: mt-msb.cfg 2005/06/01 v1.0 microtype config. file: AMS symbols (b) (RS)
)
[1

{/Users/nusratbegum/Library/texlive/2026basic/texmf-var/fonts/map/pdftex/updmap
/pdftex.map}{/usr/local/texlive/2026basic/texmf-dist/fonts/enc/dvips/base/8r.en
c}] [1] (./acknowledgements.tex [2]) (./abstract.tex
Underfull \hbox (badness 10000) in paragraph at lines 1--6

 []

[3

] [4]) [5] (./main.toc [6

] [7] [8])
\tf@toc=\write5
\openout5 = `main.toc'.

 [9] (./main.lot
LaTeX Font Info:    Trying to load font information for OT1+pcr on input line 8
.

(/usr/local/texlive/2026basic/texmf-dist/tex/latex/psnfss/ot1pcr.fd
File: ot1pcr.fd 2001/06/04 font definitions for OT1/pcr.
) [10

])
\tf@lot=\write6
\openout6 = `main.lot'.


[11] (./main.lof [12

])
\tf@lof=\write7
\openout7 = `main.lof'.

 (./abbreviations.tex [13])
Overfull \hbox (59.56593pt too wide) in paragraph at lines 4--56
[][]
 []


Underfull \hbox (badness 10000) in paragraph at lines 4--56

 []

(./thesis.tex [14

]
Chapter 1.
[1

] [2] [3]
LaTeX Info: Symbol \textrightarrow not provided by
            font family ptm in TS1 encoding.
            Default family used instead on input line 32.
LaTeX Info: Symbol \textrightarrow not provided by
            font family ptm in TS1 encoding.
            Default family used instead on input line 32.
LaTeX Info: Symbol \textrightarrow not provided by
            font family ptm in TS1 encoding.
            Default family used instead on input line 32.

Overfull \hbox (8.3873pt too wide) in paragraph at lines 37--38
 \OT1/ptm/b/n/12 (-20) Sever-ity In-dex (DSI)\OT1/ptm/m/n/12 (-20) . The lo-cal
-i-sa-tion com-po-nent uses Tree-SHAP marginal
 []

[4] [5]
Chapter 2.
<figures/figure-1.png, id=748, 858.0858pt x 352.1958pt>
File: figures/figure-1.png Graphic file (type png)
<use figures/figure-1.png>
Package pdftex.def Info: figures/figure-1.png  used on input line 47.
(pdftex.def)             Requested size: 398.69295pt x 163.64038pt.
[6

 <./figures/figure-1.png>]
Underfull \hbox (badness 10000) in paragraph at lines 66--66
[]\OT1/ptm/m/n/12 (+20) Early Foun-da-tions
 []


Underfull \hbox (badness 10000) in paragraph at lines 68--68
[]\OT1/ptm/m/n/12 (+20) Identification Era
 []


Underfull \hbox (badness 2065) in paragraph at lines 70--70
[]\OT1/ptm/m/n/12 (+20) Windowing & Sta-
 []


Underfull \hbox (badness 10000) in paragraph at lines 72--72
[]\OT1/ptm/m/n/12 (+20) Deep Learn-
 []


Underfull \hbox (badness 10000) in paragraph at lines 72--72
\OT1/ptm/m/n/12 (+20) ing & High-
 []


Underfull \hbox (badness 10000) in paragraph at lines 72--72
\OT1/ptm/m/n/12 (+20) Dimensionality
 []


Underfull \hbox (badness 2818) in paragraph at lines 74--74
[]\OT1/ptm/m/n/12 (+20) Governance & At-
 []


Overfull \hbox (2.66043pt too wide) in paragraph at lines 62--77
 [][] 
 []


Overfull \hbox (12.36032pt too wide) in paragraph at lines 79--80
[]\OT1/ptm/m/n/12 (-20) This progression---from re-ac-tive er-ror mon-i-tor-ing
 to proac-tive, feature-attributed
 []

[7] [8]
LaTeX Font Info:    Trying to load font information for TS1+ptm on input line 9
9.
 (/usr/local/texlive/2026basic/texmf-dist/tex/latex/psnfss/ts1ptm.fd
File: ts1ptm.fd 2001/06/04 font definitions for TS1/ptm.
)
Underfull \hbox (badness 10000) in paragraph at lines 121--121
\OT1/ptm/m/n/12 (+20) ([]Lu et al.[],
 []


Underfull \hbox (badness 10000) in paragraph at lines 121--121
[]\OT1/ptm/m/n/12 (+20) 2018[]; []Gama
 []


Overfull \vbox (10.31378pt too high) detected at line 121
 []


Underfull \hbox (badness 10000) in paragraph at lines 122--122
[]\OT1/ptm/m/n/12 (+20) Data / Fea-ture
 []


Underfull \hbox (badness 1009) in paragraph at lines 124--124
[]\OT1/ptm/m/n/12 (+20) Prior Prob-a-bil-ity
 []


Underfull \hbox (badness 10000) in paragraph at lines 126--126
\OT1/ptm/m/n/12 (+20) ([]Gama
 []


Underfull \hbox (badness 6461) in paragraph at lines 126--126
\OT1/ptm/m/n/12 (+20) et al.[], []2014[];
 []


Underfull \hbox (badness 10000) in paragraph at lines 126--126
[][]\OT1/ptm/m/n/12 (+20) Zliobait[]e[],
 []


Overfull \vbox (10.14594pt too high) detected at line 126
 []


Underfull \hbox (badness 10000) in paragraph at lines 130--130
[]\OT1/ptm/m/n/12 (+20) Recurring (Sea-
 []


Overfull \hbox (14.66042pt too wide) in paragraph at lines 117--133
 [][] 
 []

[9] [10] [11] [12]
Underfull \hbox (badness 4569) in paragraph at lines 187--187
[]\OT1/ptm/b/n/12 (+20) PSI (Pop-u-la-
 []


Underfull \hbox (badness 1043) in paragraph at lines 187--187
\OT1/ptm/b/n/12 (+20) tion Sta-bil-ity
 []


Underfull \hbox (badness 1248) in paragraph at lines 187--187
\OT1/ptm/m/n/12 (+20) bu-tions of sin-gle fea-
 []


Underfull \hbox (badness 7851) in paragraph at lines 187--187
[]\OT1/ptm/m/n/12 (+20) Simple, in-ter-pretable,
 []


Underfull \hbox (badness 6188) in paragraph at lines 187--188
[]\OT1/ptm/m/n/12 (+20) Univariate only;
 []


Underfull \hbox (badness 10000) in paragraph at lines 189--189
[]\OT1/ptm/b/n/12 (+20) KS Test
 []


Underfull \hbox (badness 10000) in paragraph at lines 189--189
\OT1/ptm/b/n/12 (+20) (Kolmogorov-
 []


Underfull \hbox (badness 10000) in paragraph at lines 189--189
[]\OT1/ptm/m/n/12 (+20) Non-parametric test
 []


Underfull \hbox (badness 1609) in paragraph at lines 189--189
\OT1/ptm/m/n/12 (+20) com-par-ing cu-mu-la-tive
 []


Underfull \hbox (badness 10000) in paragraph at lines 189--189
[]\OT1/ptm/m/n/12 (+20) No dis-tri-bu-tional
 []


Underfull \hbox (badness 10000) in paragraph at lines 189--189
\OT1/ptm/m/n/12 (+20) as-sump-tions; ex-act
 []


Underfull \hbox (badness 6188) in paragraph at lines 189--190
[]\OT1/ptm/m/n/12 (+20) Univariate only;
 []


Underfull \hbox (badness 10000) in paragraph at lines 189--190
\OT1/ptm/m/n/12 (+20) mul-ti-ple test-ing
 []


Underfull \hbox (badness 10000) in paragraph at lines 189--190
\OT1/ptm/m/n/12 (+20) prob-lem with
 []


Overfull \hbox (2.4447pt too wide) in paragraph at lines 191--191
[]\OT1/ptm/b/n/12 (-20) Discriminative
 []


Underfull \hbox (badness 1533) in paragraph at lines 191--191
[]\OT1/ptm/m/n/12 (+20) Multivariate; cap-tures
 []


Underfull \hbox (badness 10000) in paragraph at lines 191--192
[]\OT1/ptm/m/n/12 (+20) Requires clas-
 []


Underfull \hbox (badness 10000) in paragraph at lines 191--192
\OT1/ptm/m/n/12 (+20) si-fier train-ing;
 []


Underfull \hbox (badness 6236) in paragraph at lines 191--192
\OT1/ptm/m/n/12 (+20) no built-in fea-
 []


Underfull \hbox (badness 10000) in paragraph at lines 191--192
\OT1/ptm/m/n/12 (+20) ture at-tri-bu-tion
 []


Underfull \hbox (badness 10000) in paragraph at lines 191--192
\OT1/ptm/m/n/12 (+20) (ad-dressed by
 []


Overfull \hbox (12.43404pt too wide) in paragraph at lines 183--194
 [][] 
 []

[13] [14] [15] [16] [17] [18] [19]
Overfull \hbox (0.24715pt too wide) in paragraph at lines 310--311
[]\OT1/ptm/b/n/12 (-20) Finance: \OT1/ptm/m/n/12 (-20) Credit scoring models ar
e particularly susceptible to ``segment drift,''
 []

[20] [21] [22] [23] [24] [25] [26]
Chapter 3.
[27

] [28] [29] [30]
Underfull \hbox (badness 10000) in paragraph at lines 573--573
[]\OT1/ptm/m/n/12 (+20) Discriminative De-tec-
 []

[31] [32] [33]

Package hyperref Warning: Token not allowed in a PDF string (Unicode):
(hyperref)                removing `math shift' on input line 636.


Package hyperref Warning: Token not allowed in a PDF string (Unicode):
(hyperref)                removing `subscript' on input line 636.


Package hyperref Warning: Token not allowed in a PDF string (Unicode):
(hyperref)                removing `math shift' on input line 636.

[34] [35] [36]
Overfull \hbox (42.62334pt too wide) in paragraph at lines 692--693
 []\OT1/ptm/m/n/12 (-20) Calculate mean ab-so-lute SHAP value per fea-ture: $[]
[] \OT1/cmr/m/n/12 = [] [][] \OMS/cmsy/m/n/12 j[][]j$ 
 []

[37] [38]
Underfull \hbox (badness 10000) in paragraph at lines 746--746
[]\OT1/ptm/m/n/12 (+20) Concentrated drift
 []


Underfull \hbox (badness 10000) in paragraph at lines 746--747
[]\OT1/ptm/m/n/12 (+20) Immediate data qual-ity
 []


Underfull \hbox (badness 4752) in paragraph at lines 746--747
\OT1/ptm/m/n/12 (+20) check; dis-able af-fected
 []


Underfull \hbox (badness 10000) in paragraph at lines 747--748
[]\OT1/ptm/m/n/12 (+20) Investigate shared data
 []


Underfull \hbox (badness 10000) in paragraph at lines 748--748
[]\OT1/ptm/m/n/12 (+20) Diffuse mul-ti-vari-ate
 []

[39] [40] [41] [42] [43] [44]
Overfull \hbox (1.00032pt too wide) in paragraph at lines 890--891
[]\OT1/ptm/m/n/12 (-20) Benchmarked EADD against D3 across 13 real-world bench-
mark data streams
 []

[45] [46] [47]
Chapter 4.
[48

] [49] [50]
Overfull \hbox (54.07936pt too wide) in paragraph at lines 1013--1028
 [][] 
 []

<figures/heatmap_mtd.pdf, id=1642, 672.31749pt x 425.36792pt>
File: figures/heatmap_mtd.pdf Graphic file (type pdf)
<use figures/heatmap_mtd.pdf>
Package pdftex.def Info: figures/heatmap_mtd.pdf  used on input line 1034.
(pdftex.def)             Requested size: 358.55272pt x 226.85237pt.
<figures/heatmap_false_alarms.pdf, id=1643, 666.04405pt x 425.36792pt>
File: figures/heatmap_false_alarms.pdf Graphic file (type pdf)
<use figures/heatmap_false_alarms.pdf>
Package pdftex.def Info: figures/heatmap_false_alarms.pdf  used on input line 1
035.
(pdftex.def)             Requested size: 355.20705pt x 226.85237pt.
<figures/bell_curves_abrupt_drift.pdf, id=1645, 1076.5394pt x 592.51741pt>
File: figures/bell_curves_abrupt_drift.pdf Graphic file (type pdf)
<use figures/bell_curves_abrupt_drift.pdf>
Package pdftex.def Info: figures/bell_curves_abrupt_drift.pdf  used on input li
ne 1044.
(pdftex.def)             Requested size: 360.90987pt x 198.64148pt.
<figures/bell_curves_gradual_drift.pdf, id=1646, 1076.5394pt x 592.51741pt>
File: figures/bell_curves_gradual_drift.pdf Graphic file (type pdf)
<use figures/bell_curves_gradual_drift.pdf>
Package pdftex.def Info: figures/bell_curves_gradual_drift.pdf  used on input l
ine 1045.
(pdftex.def)             Requested size: 360.90987pt x 198.64148pt.
<figures/timeseries_abrupt_drift.pdf, id=1648, 1148.81001pt x 570.15762pt>
File: figures/timeseries_abrupt_drift.pdf Graphic file (type pdf)
<use figures/timeseries_abrupt_drift.pdf>
Package pdftex.def Info: figures/timeseries_abrupt_drift.pdf  used on input lin
e 1054.
(pdftex.def)             Requested size: 360.93048pt x 179.1308pt.
<figures/timeseries_gradual_drift.pdf, id=1649, 1148.81001pt x 570.15762pt>
File: figures/timeseries_gradual_drift.pdf Graphic file (type pdf)
<use figures/timeseries_gradual_drift.pdf>
Package pdftex.def Info: figures/timeseries_gradual_drift.pdf  used on input li
ne 1055.
(pdftex.def)             Requested size: 360.93048pt x 179.1308pt.
[51] [52 <./figures/heatmap_mtd.pdf> <./figures/heatmap_false_alarms.pdf>]
[53 <./figures/bell_curves_abrupt_drift.pdf> <./figures/bell_curves_gradual_dri
ft.pdf>] [54 <./figures/timeseries_abrupt_drift.pdf> <./figures/timeseries_grad
ual_drift.pdf>] [55]
Overfull \hbox (115.72256pt too wide) in paragraph at lines 1088--1098
 [][] 
 []

<figures/heatmap_realworld_mtd.pdf, id=2124, 921.64902pt x 497.63792pt>
File: figures/heatmap_realworld_mtd.pdf Graphic file (type pdf)
<use figures/heatmap_realworld_mtd.pdf>
Package pdftex.def Info: figures/heatmap_realworld_mtd.pdf  used on input line 
1152.
(pdftex.def)             Requested size: 360.9183pt x 194.8753pt.
<figures/heatmap_realworld_mdr.pdf, id=2125, 918.46526pt x 497.63792pt>
File: figures/heatmap_realworld_mdr.pdf Graphic file (type pdf)
<use figures/heatmap_realworld_mdr.pdf>
Package pdftex.def Info: figures/heatmap_realworld_mdr.pdf  used on input line 
1153.
(pdftex.def)             Requested size: 360.93286pt x 195.5587pt.
<figures/timeseries_realworld_waveformdrift2.pdf, id=2127, 1148.8399pt x 569.90
791pt>
File: figures/timeseries_realworld_waveformdrift2.pdf Graphic file (type pdf)
<use figures/timeseries_realworld_waveformdrift2.pdf>
Package pdftex.def Info: figures/timeseries_realworld_waveformdrift2.pdf  used 
on input line 1162.
(pdftex.def)             Requested size: 360.92235pt x 179.04366pt.
<figures/timeseries_realworld_sineclusters.pdf, id=2128, 1148.8399pt x 569.9079
1pt>
File: figures/timeseries_realworld_sineclusters.pdf Graphic file (type pdf)
<use figures/timeseries_realworld_sineclusters.pdf>
Package pdftex.def Info: figures/timeseries_realworld_sineclusters.pdf  used on
 input line 1163.
(pdftex.def)             Requested size: 360.92235pt x 179.04366pt.
<figures/bell_curves_realworld_waveformdrift2.pdf, id=2130, 1075.67006pt x 569.
39098pt>
File: figures/bell_curves_realworld_waveformdrift2.pdf Graphic file (type pdf)
<use figures/bell_curves_realworld_waveformdrift2.pdf>
Package pdftex.def Info: figures/bell_curves_realworld_waveformdrift2.pdf  used
 on input line 1172.
(pdftex.def)             Requested size: 360.91386pt x 191.04472pt.
<figures/bell_curves_realworld_insectsabrupt.pdf, id=2131, 1076.65862pt x 569.3
9098pt>
File: figures/bell_curves_realworld_insectsabrupt.pdf Graphic file (type pdf)
<use figures/bell_curves_realworld_insectsabrupt.pdf>
Package pdftex.def Info: figures/bell_curves_realworld_insectsabrupt.pdf  used 
on input line 1173.
(pdftex.def)             Requested size: 360.93341pt x 190.87965pt.
[56] [57] [58 <./figures/heatmap_realworld_mtd.pdf> <./figures/heatmap_realworl
d_mdr.pdf>] [59 <./figures/timeseries_realworld_waveformdrift2.pdf> <./figures/
timeseries_realworld_sineclusters.pdf>] [60 <./figures/bell_curves_realworld_wa
veformdrift2.pdf> <./figures/bell_curves_realworld_insectsabrupt.pdf>] [61]
Overfull \hbox (56.91524pt too wide) in paragraph at lines 1216--1225
 [][] 
 []

[62] [63]
Overfull \hbox (92.67105pt too wide) in paragraph at lines 1244--1248
[]\OT1/pcr/m/n/12 D3: ``DRIFT DETECTED (AUC = 0.78).'' [No feature attribution]
 
 []


Overfull \hbox (35.07108pt too wide) in paragraph at lines 1244--1248
\OT1/pcr/m/n/12 IBDD: ``Drift at step 5012.'' [No feature attribution] 
 []


Overfull \hbox (42.27107pt too wide) in paragraph at lines 1244--1248
\OT1/pcr/m/n/12 CSDDM: ``Drift at step 5009.'' [No feature attribution] 
 []


Overfull \hbox (20.31108pt too wide) in paragraph at lines 1244--1248
\OT1/pcr/m/n/12 All other detectors: Binary alarm or no alarm---zero
 []

<figures/bell_shap_combined_univariate.pdf, id=2613, 1438.50816pt x 499.50175pt
>
File: figures/bell_shap_combined_univariate.pdf Graphic file (type pdf)
<use figures/bell_shap_combined_univariate.pdf>
Package pdftex.def Info: figures/bell_shap_combined_univariate.pdf  used on inp
ut line 1254.
(pdftex.def)             Requested size: 327.33795pt x 113.6635pt.
<figures/bell_shap_combined_subset.pdf, id=2614, 1438.73325pt x 499.50175pt>
File: figures/bell_shap_combined_subset.pdf Graphic file (type pdf)
<use figures/bell_shap_combined_subset.pdf>
Package pdftex.def Info: figures/bell_shap_combined_subset.pdf  used on input l
ine 1255.
(pdftex.def)             Requested size: 327.34526pt x 113.64825pt.
<figures/bell_shap_combined_multivariate.pdf, id=2615, 1438.50816pt x 499.50175
pt>
File: figures/bell_shap_combined_multivariate.pdf Graphic file (type pdf)
<use figures/bell_shap_combined_multivariate.pdf>
Package pdftex.def Info: figures/bell_shap_combined_multivariate.pdf  used on i
nput line 1256.
(pdftex.def)             Requested size: 327.33795pt x 113.6635pt.
<figures/shap_attribution_accuracy.pdf, id=2617, 1291.46553pt x 427.59373pt>
File: figures/shap_attribution_accuracy.pdf Graphic file (type pdf)
<use figures/shap_attribution_accuracy.pdf>
Package pdftex.def Info: figures/shap_attribution_accuracy.pdf  used on input l
ine 1265.
(pdftex.def)             Requested size: 360.91817pt x 119.49706pt.
<figures/explainability_comparison.pdf, id=2618, 859.91576pt x 353.4426pt>
File: figures/explainability_comparison.pdf Graphic file (type pdf)
<use figures/explainability_comparison.pdf>
Package pdftex.def Info: figures/explainability_comparison.pdf  used on input l
ine 1266.
(pdftex.def)             Requested size: 360.92596pt x 148.3478pt.
[64] [65 <./figures/bell_shap_combined_univariate.pdf> <./figures/bell_shap_com
bined_subset.pdf> <./figures/bell_shap_combined_multivariate.pdf>] [66 <./figur
es/shap_attribution_accuracy.pdf> <./figures/explainability_comparison.pdf>]
[67] [68] [69] [70] [71]
Chapter 5.
[72

] [73] [74]
Underfull \hbox (badness 2261) in paragraph at lines 1441--1441
[]\OT1/ptm/m/n/12 (+20) Larger datasets al-low
 []


Underfull \hbox (badness 10000) in paragraph at lines 1442--1442
[]\OT1/ptm/m/n/12 (+20) Expected Drift
 []


Underfull \hbox (badness 1383) in paragraph at lines 1442--1442
[]\OT1/ptm/m/n/12 (+20) Abrupt: smaller win-
 []


Underfull \hbox (badness 10000) in paragraph at lines 1443--1443
[]\OT1/ptm/m/n/12 (+20) Detection La-
 []


Underfull \hbox (badness 10000) in paragraph at lines 1443--1443
[]\OT1/ptm/m/n/12 (+20) Smaller win-dows =
 []


Underfull \hbox (badness 10000) in paragraph at lines 1443--1444
[]\OT1/ptm/m/n/12 (+20) Trade-off with sta-tis-ti-cal
 []


Underfull \hbox (badness 10000) in paragraph at lines 1444--1444
[]\OT1/ptm/m/n/12 (+20) Computational
 []

[75] [76]
Underfull \hbox (badness 10000) in paragraph at lines 1490--1490
[]\OT1/ptm/b/n/12 (+20) Drift Pat-
 []


Underfull \hbox (badness 10000) in paragraph at lines 1490--1490
[]\OT1/ptm/b/n/12 (+20) DSI
 []


Underfull \hbox (badness 2591) in paragraph at lines 1492--1492
[]\OT1/ptm/m/n/12 (+20) Sensor Fail-
 []


Underfull \hbox (badness 10000) in paragraph at lines 1492--1492
[]\OT1/ptm/m/n/12 (+20) Single fea-ture
 []


Underfull \hbox (badness 10000) in paragraph at lines 1494--1494
[]\OT1/ptm/m/n/12 (+20) Univariate
 []


Underfull \hbox (badness 1701) in paragraph at lines 1496--1496
[]\OT1/ptm/m/n/12 (+20) 2--5 cor-re-lated fea-
 []


Underfull \hbox (badness 10000) in paragraph at lines 1496--1496
\OT1/ptm/m/n/12 (+20) tures; sig-nif-i-cant
 []


Underfull \hbox (badness 10000) in paragraph at lines 1498--1498
[]\OT1/ptm/m/n/12 (+20) Multivariate
 []


Underfull \hbox (badness 10000) in paragraph at lines 1498--1498
[]\OT1/ptm/m/n/12 (+20) Importance dis-
 []


Underfull \hbox (badness 10000) in paragraph at lines 1498--1498
\OT1/ptm/m/n/12 (+20) in-ter-ac-tion mag-ni-
 []


Underfull \hbox (badness 4316) in paragraph at lines 1500--1500
[]\OT1/ptm/m/n/12 (+20) Periodic DSI fluc-
 []

[77] [78] [79] [80]
Chapter 6.
[81

] [82] [83] [84] [85] [86]) [87] (./appendix_impl.tex [88]
Appendix A.

Overfull \hbox (17.95541pt too wide) in paragraph at lines 6--7
[]\OT1/ptm/m/n/12 (-20) The ad-ver-sar-ial clas-si-fier uti-lizes Light-GBM ([]
Ke et al.[], []2017[]), a high-performance
 []

[89

]) (./main.bbl [90] [91

] [92] [93] [94] [95] [96]
Underfull \hbox (badness 10000) in paragraph at lines 401--407
[]\OT1/ptm/m/n/12 (+20) Taly, A., Sato, K., and Gruia, C. (2021).  Mon-i-tor-in
g fea-ture at-
 []


Underfull \hbox (badness 10000) in paragraph at lines 401--407
\OT1/ptm/m/n/12 (+20) tri-bu-tions: How Google saved one of the largest ML ser-
vices in
 []


Underfull \hbox (badness 10000) in paragraph at lines 401--407
\OT1/ptm/m/n/12 (+20) trou-ble.  Google Cloud Blog.  Archived at []$https : / /
 web . archive . org /
 []


Underfull \hbox (badness 10000) in paragraph at lines 401--407
\OT1/ptm/m/n/12 (+20) web / 2024 / https : / / cloud . google . com / blog / pr
oducts / ai-[]machine-[]learning /
 []


Overfull \hbox (23.44904pt too wide) in paragraph at lines 401--407
\OT1/ptm/m/n/12 (-20) monitoring-[]feature-[]attributions-[]how-[]google-[]save
d-[]one-[]of-[]the-[]largest-[]ml-[]services-[]in-[]crisis$[]. 
 []

[97]) [98] [99

] [100

] (./main.aux)
 ***********
LaTeX2e <2025-11-01>
L3 programming layer <2026-03-20>
 ***********
Package rerunfilecheck Info: File `main.out' has not changed.
(rerunfilecheck)             Checksum: F47E6A698CF11C7CC710D85CE97D3663;17567.
 )
(\end occurred when \iffalse on line 1 was incomplete)
(\end occurred when \iffalse on line 1532 was incomplete)
(\end occurred when \iffalse on line 1369 was incomplete)
(\end occurred when \iffalse on line 933 was incomplete)
(\end occurred when \iffalse on line 373 was incomplete)
(\end occurred when \iffalse on line 43 was incomplete)
(\end occurred when \iffalse on line 1 was incomplete) 
Here is how much of TeX's memory you used:
 37264 strings out of 468830
 844440 string characters out of 5451467
 1372615 words of memory out of 5000000
 64763 multiletter control sequences out of 15000+600000
 675074 words of font info for 381 fonts, out of 8000000 for 9000
 319 hyphenation exceptions out of 8191
 90i,15n,104p,1645b,899s stack positions out of 10000i,1000n,20000p,200000b,200000s
 </Users/nusratbegum/Libr
ary/texlive/2026basic/texmf-var/fonts/pk/ljfour/jknappen/ec/tcrm1200.600pk></us
r/local/texlive/2026basic/texmf-dist/fonts/type1/public/amsfonts/cm/cmbx10.pfb>
</usr/local/texlive/2026basic/texmf-dist/fonts/type1/public/amsfonts/cm/cmbx12.
pfb></usr/local/texlive/2026basic/texmf-dist/fonts/type1/public/amsfonts/cm/cme
x10.pfb></usr/local/texlive/2026basic/texmf-dist/fonts/type1/public/amsfonts/cm
extra/cmex8.pfb></usr/local/texlive/2026basic/texmf-dist/fonts/type1/public/ams
fonts/cm/cmmi10.pfb></usr/local/texlive/2026basic/texmf-dist/fonts/type1/public
/amsfonts/cm/cmmi12.pfb></usr/local/texlive/2026basic/texmf-dist/fonts/type1/pu
blic/amsfonts/cm/cmmi6.pfb></usr/local/texlive/2026basic/texmf-dist/fonts/type1
/public/amsfonts/cm/cmmi8.pfb></usr/local/texlive/2026basic/texmf-dist/fonts/ty
pe1/public/amsfonts/cm/cmr10.pfb></usr/local/texlive/2026basic/texmf-dist/fonts
/type1/public/amsfonts/cm/cmr12.pfb></usr/local/texlive/2026basic/texmf-dist/fo
nts/type1/public/amsfonts/cm/cmr6.pfb></usr/local/texlive/2026basic/texmf-dist/
fonts/type1/public/amsfonts/cm/cmr7.pfb></usr/local/texlive/2026basic/texmf-dis
t/fonts/type1/public/amsfonts/cm/cmr8.pfb></usr/local/texlive/2026basic/texmf-d
ist/fonts/type1/public/amsfonts/cm/cmsy10.pfb></usr/local/texlive/2026basic/tex
mf-dist/fonts/type1/public/amsfonts/cm/cmsy8.pfb></usr/local/texlive/2026basic/
texmf-dist/fonts/type1/public/amsfonts/symbols/msam10.pfb></usr/local/texlive/2
026basic/texmf-dist/fonts/type1/public/amsfonts/symbols/msbm10.pfb></Users/nusr
atbegum/Library/texmf/fonts/type1/urw/courier/ucrr8a.pfb></Users/nusratbegum/Li
brary/texmf/fonts/type1/urw/times/utmb8a.pfb></Users/nusratbegum/Library/texmf/
fonts/type1/urw/times/utmr8a.pfb></Users/nusratbegum/Library/texmf/fonts/type1/
urw/times/utmri8a.pfb>
Output written on main.pdf (115 pages, 1827112 bytes).
PDF statistics:
 3463 PDF objects out of 3580 (max. 8388607)
 2141 compressed objects within 22 object streams
 354 named destinations out of 1000 (max. 500000)
 54527 words of extra memory for PDF output out of 61914 (max. 10000000)

